Microchip MPLAB XC8 Compiler V2.30

Linker command line:

-W-3 --edf=/opt/microchip/xc8/v2.30/pic/dat/en_msgs.txt -cn \
  -h+dist/Simulate/production/the2.X.production.sym \
  --cmf=dist/Simulate/production/the2.X.production.cmf -z -Q18F8722 \
  -o/tmp/xcXKhgmdf --defsym=__MPLAB_BUILD=1 \
  -Mdist/Simulate/production/the2.X.production.map -E1 -ver=XC8 Compiler \
  --acfsm=1493 -ASTACK=0D1h-0F5Fh -pstack=STACK -ACODE=00h-01FFFFh \
  -ACONST=00h-01FFFFh -ASMALLCONST=01000h-010FFhx496 \
  -AMEDIUMCONST=01000h-0FFFFh,011000h-01FFFFh -ACOMRAM=01h-05Fh \
  -AABS1=00h-0F5Fh -ABIGRAM=01h-0F5Fh \
  -ARAM=060h-0FFh,0100h-01FFhx14,0F00h-0F5Fh -ABANK0=060h-0FFh \
  -ABANK1=0100h-01FFh -ABANK2=0200h-02FFh -ABANK3=0300h-03FFh \
  -ABANK4=0400h-04FFh -ABANK5=0500h-05FFh -ABANK6=0600h-06FFh \
  -ABANK7=0700h-07FFh -ABANK8=0800h-08FFh -ABANK9=0900h-09FFh \
  -ABANK10=0A00h-0AFFh -ABANK11=0B00h-0BFFh -ABANK12=0C00h-0CFFh \
  -ABANK13=0D00h-0DFFh -ABANK14=0E00h-0EFFh -ABANK15=0F00h-0F5Fh \
  -ASFR=0F60h-0FFFh -ACONFIG=0300000h-030000Dh -AIDLOC=0200000h-0200007h \
  -AEEDATA=0F00000h-0F003FFh -peeprom_data=EEDATA \
  -preset_vec=00h,intcode=08h,intcodelo,powerup,init -pramtop=01000h \
  -psmallconst=SMALLCONST -pmediumconst=MEDIUMCONST -pconst=CONST \
  -AFARRAM=00h-00h \
  -prdata=COMRAM,nvrram=COMRAM,nvbit=COMRAM,rbss=COMRAM,rbit=COMRAM \
  -pfarbss=FARRAM,fardata=FARRAM,nvFARRAM=FARRAM \
  -pintsave_regs=BIGRAM,bigbss=BIGRAM,bigdata=BIGRAM -pbss=RAM \
  -pidata=CODE,irdata=CODE,ibigdata=CODE,ifardata=CODE -prparam=COMRAM \
  /tmp/xcXAkpbFL.o dist/Simulate/production/the2.X.production.o 

Object code version is 3.11

Machine type is 18F8722



                Name                               Link     Load   Length Selector   Space Scale
/tmp/xcXAkpbFL.o
                config                           300000   300000        8        0       4
                init                                  E        E        4        4       0
                reset_vec                             0        0        4        0       0
dist/Simulate/production/the2.X.production.o
                intcode                               8        8        6        4       0
                config                           300000   300000        8        0       4
                temp                                 44       44        1        1       1
                text20                             12CA     12CA       AA        4       0
                text19                             1558     1558       26        4       0
                text18                             15FE     15FE       1E        4       0
                text17                             14C2     14C2       3C        4       0
                text16                             1634     1634        8        4       0
                text15                             1418     1418       64        4       0
                text14                               12       12      64E        4       0
                text13                              AAA      AAA      3B2        4       0
                intcode_body                       1374     1374       A4        4       0
                text11                             147C     147C       46        4       0
                text10                              E5C      E5C      19A        4       0
                text9                               660      660      44A        4       0
                text8                               FF6      FF6      14A        4       0
                text7                              121E     121E       AC        4       0
                text6                              1532     1532       26        4       0
                text5                              15DE     15DE       20        4       0
                text4                              15BE     15BE       20        4       0
                text3                              159E     159E       20        4       0
                text2                              157E     157E       20        4       0
                text1                              1140     1140       DE        4       0
                text0                              161C     161C       18        4       0
                cstackCOMRAM                         23       23       20        1       1
                cstackBANK0                          A2       A2       2F       60       1
                bssBANK0                             60       60       42       60       1
                dataCOMRAM                           43       43        1        1       1
                bssCOMRAM                             1        1       22        1       1
                cinit                              14FE     14FE       34        4       0
                idataCOMRAM                        163C     163C        1        4       0

TOTAL           Name                               Link     Load   Length     Space
        CLASS   STACK          

        CLASS   CODE           
                intcode                               8        8        6         0
                init                                  E        E        4         0
                reset_vec                             0        0        4         0
                text20                             12CA     12CA       AA         0
                text19                             1558     1558       26         0
                text18                             15FE     15FE       1E         0
                text17                             14C2     14C2       3C         0
                text16                             1634     1634        8         0
                text15                             1418     1418       64         0
                text14                               12       12      64E         0
                text13                              AAA      AAA      3B2         0
                intcode_body                       1374     1374       A4         0
                text11                             147C     147C       46         0
                text10                              E5C      E5C      19A         0
                text9                               660      660      44A         0
                text8                               FF6      FF6      14A         0
                text7                              121E     121E       AC         0
                text6                              1532     1532       26         0
                text5                              15DE     15DE       20         0
                text4                              15BE     15BE       20         0
                text3                              159E     159E       20         0
                text2                              157E     157E       20         0
                text1                              1140     1140       DE         0
                text0                              161C     161C       18         0
                cinit                              14FE     14FE       34         0
                idataCOMRAM                        163C     163C        1         0

        CLASS   CONST          

        CLASS   SMALLCONST     

        CLASS   MEDIUMCONST    

        CLASS   COMRAM         
                temp                                 44       44        1         1
                cstackCOMRAM                         23       23       20         1
                dataCOMRAM                           43       43        1         1
                bssCOMRAM                             1        1       22         1

        CLASS   ABS1           

        CLASS   BIGRAM         

        CLASS   RAM            

        CLASS   BANK0          
                cstackBANK0                          A2       A2       2F         1
                bssBANK0                             60       60       42         1

        CLASS   BANK1          

        CLASS   BANK2          

        CLASS   BANK3          

        CLASS   BANK4          

        CLASS   BANK5          

        CLASS   BANK6          

        CLASS   BANK7          

        CLASS   BANK8          

        CLASS   BANK9          

        CLASS   BANK10         

        CLASS   BANK11         

        CLASS   BANK12         

        CLASS   BANK13         

        CLASS   BANK14         

        CLASS   BANK15         

        CLASS   SFR            

        CLASS   CONFIG         
                config                           300000   300000        8         4

        CLASS   IDLOC          

        CLASS   EEDATA         

        CLASS   FARRAM         



SEGMENTS        Name                           Load    Length   Top    Selector   Space  Class

                bssBANK0                       000060  000071  0000D1        60       1  BANK0   
                intcode                        000008  001635  00163D         4       0  CODE    
                reset_vec                      000000  000004  000004         0       0  CODE    
                bssCOMRAM                      000001  000044  000045         1       1  COMRAM  


UNUSED ADDRESS RANGES

        Name                Unused          Largest block    Delta
        BANK0            0000D1-0000FF               2F
        BANK1            000100-0001FF              100
        BANK10           000A00-000AFF              100
        BANK11           000B00-000BFF              100
        BANK12           000C00-000CFF              100
        BANK13           000D00-000DFF              100
        BANK14           000E00-000EFF              100
        BANK15           000F00-000F5F               60
        BANK2            000200-0002FF              100
        BANK3            000300-0003FF              100
        BANK4            000400-0004FF              100
        BANK5            000500-0005FF              100
        BANK6            000600-0006FF              100
        BANK7            000700-0007FF              100
        BANK8            000800-0008FF              100
        BANK9            000900-0009FF              100
        BIGRAM           000045-00005F               1B
                         0000D1-000F5F              E8F
        CODE             000004-000007                4
                         00163D-01FFFF            1E9C3
        COMRAM           000045-00005F               1B
        CONFIG           300008-30000D                6
        CONST            000004-000007                4
                         00163D-01FFFF            1E9C3
        EEDATA           F00000-F003FF              400
        IDLOC            200000-200007                8
        MEDIUMCONST      00163D-00FFFF             E9C3
                         011000-01FFFF             F000
        RAM              0000D1-000F5F              100
        SFR              000F60-000FFF               A0
        SMALLCONST       00163D-01FFFF              100
        STACK            0000D1-000F5F              E8F

                                  Symbol Table

?___lwmod                 cstackCOMRAM 000023
_HandleInterrupt          intcode      000008
_INTCON                   (abs)        000FF2
_LATC                     (abs)        000F8B
_LATD                     (abs)        000F8C
_LATE                     (abs)        000F8D
_LATF                     (abs)        000F8E
_PORTA                    (abs)        000F80
_PORTA_current            bssCOMRAM    000007
_PORTA_previous           bssCOMRAM    00000B
_PORTB                    (abs)        000F81
_PORTC                    (abs)        000F82
_PORTD                    (abs)        000F83
_PORTE                    (abs)        000F84
_PORTF                    (abs)        000F85
_PORTH                    (abs)        000F87
_PORTJ                    (abs)        000F88
_T0CON                    (abs)        000FD5
_TMR0H                    (abs)        000FD7
_TMR0L                    (abs)        000FD6
_TRISA                    (abs)        000F92
_TRISB                    (abs)        000F93
_TRISC                    (abs)        000F94
_TRISD                    (abs)        000F95
_TRISE                    (abs)        000F96
_TRISF                    (abs)        000F97
_TRISH                    (abs)        000F99
_TRISJ                    (abs)        000F9A
__HRAM                    (abs)        000000
__Habs1                   abs1         000000
__Hbank0                  bank0        000000
__Hbank1                  bank1        000000
__Hbank10                 bank10       000000
__Hbank11                 bank11       000000
__Hbank12                 bank12       000000
__Hbank13                 bank13       000000
__Hbank14                 bank14       000000
__Hbank15                 bank15       000000
__Hbank2                  bank2        000000
__Hbank3                  bank3        000000
__Hbank4                  bank4        000000
__Hbank5                  bank5        000000
__Hbank6                  bank6        000000
__Hbank7                  bank7        000000
__Hbank8                  bank8        000000
__Hbank9                  bank9        000000
__Hbigbss                 bigbss       000000
__Hbigdata                bigdata      000000
__Hbigram                 bigram       000000
__Hbss                    bss          000000
__HbssBANK0               bssBANK0     000000
__HbssCOMRAM              bssCOMRAM    000000
__Hcinit                  cinit        000000
__Hclrtext                clrtext      000000
__Hcomram                 comram       000000
__Hconfig                 config       300008
__Hconst                  const        000000
__HcstackBANK0            cstackBANK0  000000
__HcstackCOMRAM           cstackCOMRAM 000000
__Hdata                   data         000000
__HdataCOMRAM             dataCOMRAM   000000
__Heeprom_data            eeprom_data  000000
__Hfarbss                 farbss       000000
__Hfardata                fardata      000000
__Hibigdata               ibigdata     000000
__Hidata                  idata        000000
__HidataCOMRAM            idataCOMRAM  000000
__Hidloc                  idloc        000000
__Hifardata               ifardata     000000
__Hinit                   init         000012
__Hintcode                intcode      00000E
__Hintcode_body           intcode_body 000000
__Hintcodelo              intcodelo    00000E
__Hintentry               intentry     000000
__Hintret                 intret       000000
__Hintsave_regs           intsave_regs 000000
__Hirdata                 irdata       000000
__Hmediumconst            mediumconst  000000
__HnvFARRAM               nvFARRAM     000000
__Hnvbit                  nvbit        000000
__Hnvrram                 nvrram       000000
__Hparam                  rparam       000000
__Hpowerup                powerup      00000E
__Hram                    ram          000000
__Hramtop                 ramtop       001000
__Hrbit                   rbit         000000
__Hrbss                   rbss         000000
__Hrdata                  rdata        000000
__Hreset_vec              reset_vec    000004
__Hrparam                 rparam       000000
__Hsfr                    sfr          000000
__Hsmallconst             smallconst   000000
__Hspace_0                (abs)        00163D
__Hspace_1                (abs)        0000D1
__Hspace_2                (abs)        000000
__Hspace_4                (abs)        600008
__Hstack                  stack        000000
__Hstruct                 struct       000000
__Htemp                   temp         000045
__Htext                   text         000000
__Htext0                  text0        000000
__Htext1                  text1        000000
__Htext10                 text10       000000
__Htext11                 text11       000000
__Htext13                 text13       000000
__Htext14                 text14       000000
__Htext15                 text15       000000
__Htext16                 text16       000000
__Htext17                 text17       000000
__Htext18                 text18       000000
__Htext19                 text19       000000
__Htext2                  text2        000000
__Htext20                 text20       000000
__Htext3                  text3        000000
__Htext4                  text4        000000
__Htext5                  text5        000000
__Htext6                  text6        000000
__Htext7                  text7        000000
__Htext8                  text8        000000
__Htext9                  text9        000000
__LRAM                    (abs)        000001
__Labs1                   abs1         000000
__Lbank0                  bank0        000000
__Lbank1                  bank1        000000
__Lbank10                 bank10       000000
__Lbank11                 bank11       000000
__Lbank12                 bank12       000000
__Lbank13                 bank13       000000
__Lbank14                 bank14       000000
__Lbank15                 bank15       000000
__Lbank2                  bank2        000000
__Lbank3                  bank3        000000
__Lbank4                  bank4        000000
__Lbank5                  bank5        000000
__Lbank6                  bank6        000000
__Lbank7                  bank7        000000
__Lbank8                  bank8        000000
__Lbank9                  bank9        000000
__Lbigbss                 bigbss       000000
__Lbigdata                bigdata      000000
__Lbigram                 bigram       000000
__Lbss                    bss          000000
__LbssBANK0               bssBANK0     000000
__LbssCOMRAM              bssCOMRAM    000000
__Lcinit                  cinit        000000
__Lclrtext                clrtext      000000
__Lcomram                 comram       000000
__Lconfig                 config       000000
__Lconst                  const        000000
__LcstackBANK0            cstackBANK0  000000
__LcstackCOMRAM           cstackCOMRAM 000000
__Ldata                   data         000000
__LdataCOMRAM             dataCOMRAM   000000
__Leeprom_data            eeprom_data  000000
__Lfarbss                 farbss       000000
__Lfardata                fardata      000000
__Libigdata               ibigdata     000000
__Lidata                  idata        000000
__LidataCOMRAM            idataCOMRAM  000000
__Lidloc                  idloc        000000
__Lifardata               ifardata     000000
__Linit                   init         00000E
__Lintcode                intcode      000008
__Lintcode_body           intcode_body 000000
__Lintcodelo              intcodelo    00000E
__Lintentry               intentry     000000
__Lintret                 intret       000000
__Lintsave_regs           intsave_regs 000000
__Lirdata                 irdata       000000
__Lmediumconst            mediumconst  000000
__LnvFARRAM               nvFARRAM     000000
__Lnvbit                  nvbit        000000
__Lnvrram                 nvrram       000000
__Lparam                  rparam       000000
__Lpowerup                powerup      00000E
__Lram                    ram          000000
__Lramtop                 ramtop       001000
__Lrbit                   rbit         000000
__Lrbss                   rbss         000000
__Lrdata                  rdata        000000
__Lreset_vec              reset_vec    000000
__Lrparam                 rparam       000000
__Lsfr                    sfr          000000
__Lsmallconst             smallconst   000000
__Lspace_0                (abs)        000000
__Lspace_1                (abs)        000000
__Lspace_2                (abs)        000000
__Lspace_4                (abs)        000000
__Lstack                  stack        000000
__Lstruct                 struct       000000
__Ltemp                   temp         000044
__Ltext                   text         000000
__Ltext0                  text0        000000
__Ltext1                  text1        000000
__Ltext10                 text10       000000
__Ltext11                 text11       000000
__Ltext13                 text13       000000
__Ltext14                 text14       000000
__Ltext15                 text15       000000
__Ltext16                 text16       000000
__Ltext17                 text17       000000
__Ltext18                 text18       000000
__Ltext19                 text19       000000
__Ltext2                  text2        000000
__Ltext20                 text20       000000
__Ltext3                  text3        000000
__Ltext4                  text4        000000
__Ltext5                  text5        000000
__Ltext6                  text6        000000
__Ltext7                  text7        000000
__Ltext8                  text8        000000
__Ltext9                  text9        000000
__S0                      (abs)        00163D
__S1                      (abs)        0000D1
__S2                      (abs)        000000
__S4                      (abs)        000000
__S5                      (abs)        000000
___extmem_base            (abs)        020000
___inthi_sp               stack        000000
___intlo_sp               stack        000000
___lwmod                  text15       001418
___lwmod@counter          cstackCOMRAM 000027
___lwmod@dividend         cstackCOMRAM 000023
___lwmod@divisor          cstackCOMRAM 000025
___param_bank             (abs)        000000
___rparam_used            (abs)        000001
___sp                     stack        000000
__accesstop               (abs)        000060
__activetblptr            (abs)        000003
__end_of_HandleInterrupt  intcode_body 001418
__end_of___lwmod          text15       00147C
__end_of__initialization  cinit        001528
__end_of_blink            text17       0014FE
__end_of_busy_wait        text11       0014C2
__end_of_canMove          text7        0012CA
__end_of_draw             text9        000AAA
__end_of_init             text8        001140
__end_of_main             text0        001634
__end_of_move             text6        001558
__end_of_move_down        text5        0015FE
__end_of_move_left        text4        0015DE
__end_of_move_right       text3        0015BE
__end_of_move_up          text2        00159E
__end_of_not_intersects   text14       000660
__end_of_poll_a           text1        00121E
__end_of_rotate           text16       00163C
__end_of_setLed           text10       000FF6
__end_of_submit           text13       000E5C
__end_ofi2_canMove        text20       001374
__end_ofi2_move           text19       00157E
__end_ofi2_move_down      text18       00161C
__initialization          cinit        0014FE
__mediumconst             mediumconst  000000
__pbssBANK0               bssBANK0     000060
__pbssCOMRAM              bssCOMRAM    000001
__pcinit                  cinit        0014FE
__pcstackBANK0            cstackBANK0  0000A2
__pcstackCOMRAM           cstackCOMRAM 000023
__pdataCOMRAM             dataCOMRAM   000043
__pidataCOMRAM            idataCOMRAM  00163C
__pintcode                intcode      000008
__pintcode_body           intcode_body 001374
__ptext0                  text0        00161C
__ptext1                  text1        001140
__ptext10                 text10       000E5C
__ptext11                 text11       00147C
__ptext13                 text13       000AAA
__ptext14                 text14       000012
__ptext15                 text15       001418
__ptext16                 text16       001634
__ptext17                 text17       0014C2
__ptext18                 text18       0015FE
__ptext19                 text19       001558
__ptext2                  text2        00157E
__ptext20                 text20       0012CA
__ptext3                  text3        00159E
__ptext4                  text4        0015BE
__ptext5                  text5        0015DE
__ptext6                  text6        001532
__ptext7                  text7        00121E
__ptext8                  text8        000FF6
__ptext9                  text9        000660
__ramtop                  ramtop       001000
__size_of_HandleInterrupt (abs)        000000
__size_of___lwmod         (abs)        000000
__size_of_blink           (abs)        000000
__size_of_busy_wait       (abs)        000000
__size_of_canMove         (abs)        000000
__size_of_draw            (abs)        000000
__size_of_init            (abs)        000000
__size_of_main            (abs)        000000
__size_of_move            (abs)        000000
__size_of_move_down       (abs)        000000
__size_of_move_left       (abs)        000000
__size_of_move_right      (abs)        000000
__size_of_move_up         (abs)        000000
__size_of_not_intersects  (abs)        000000
__size_of_poll_a          (abs)        000000
__size_of_rotate          (abs)        000000
__size_of_setLed          (abs)        000000
__size_of_submit          (abs)        000000
__size_ofi2_canMove       (abs)        000000
__size_ofi2_move          (abs)        000000
__size_ofi2_move_down     (abs)        000000
__smallconst              smallconst   000000
_blink                    text17       0014C2
_blink_counter            bssCOMRAM    00001D
_blink_on                 dataCOMRAM   000043
_busy_wait                text11       00147C
_canMove                  text7        00121E
_canMove$262              cstackBANK0  0000AA
_counter250ms             bssCOMRAM    000022
_draw                     text9        000660
_grid                     bssBANK0     000060
_init                     text8        000FF6
_keys                     bssCOMRAM    000001
_main                     text0        00161C
_move                     text6        001532
_move_down                text5        0015DE
_move_left                text4        0015BE
_move_right               text3        00159E
_move_up                  text2        00157E
_not_intersects           text14       000012
_not_intersects$119       cstackCOMRAM 000027
_not_intersects$120       cstackCOMRAM 000028
_not_intersects$121       cstackCOMRAM 000029
_not_intersects$122       cstackCOMRAM 00002A
_not_intersects$123       cstackCOMRAM 00002B
_not_intersects$124       cstackCOMRAM 00002C
_not_intersects$125       cstackCOMRAM 00002D
_not_intersects$126       cstackCOMRAM 00002E
_not_intersects$127       cstackCOMRAM 00002F
_not_intersects$128       cstackCOMRAM 000030
_not_intersects$129       cstackCOMRAM 000031
_not_intersects$130       cstackCOMRAM 000032
_not_intersects$131       cstackCOMRAM 000033
_not_intersects$132       cstackCOMRAM 000034
_not_intersects$133       cstackCOMRAM 000035
_not_intersects$134       cstackCOMRAM 000036
_not_intersects$135       cstackCOMRAM 000037
_poll_a                   text1        001140
_position                 bssCOMRAM    00001B
_prev_submit              bssCOMRAM    00001F
_rotate                   text16       001634
_rotation                 bssCOMRAM    000021
_setLed                   text10       000E5C
_submit                   text13       000AAA
_type                     bssCOMRAM    000020
btemp                     temp         000044
busy_wait@i               cstackBANK0  0000A2
canMove@bot               cstackBANK0  0000A9
canMove@left              cstackBANK0  0000A6
canMove@position          cstackBANK0  0000A2
canMove@right             cstackBANK0  0000A7
canMove@top               cstackBANK0  0000A8
draw@4652                 cstackBANK0  0000AF
draw@4654                 cstackBANK0  0000B1
draw@4656                 cstackBANK0  0000B3
draw@4658                 cstackBANK0  0000B5
draw@4660                 cstackBANK0  0000B7
draw@4662                 cstackBANK0  0000B9
draw@4664                 cstackBANK0  0000BB
draw@4666                 cstackBANK0  0000BD
draw@4668                 cstackBANK0  0000BF
draw@4670                 cstackBANK0  0000C1
draw@4672                 cstackBANK0  0000C3
draw@4674                 cstackBANK0  0000C5
draw@4676                 cstackBANK0  0000C7
draw@4678                 cstackBANK0  0000C9
draw@4680                 cstackBANK0  0000CB
draw@4682                 cstackBANK0  0000CD
draw@4684                 cstackBANK0  0000CF
draw@F4651                bssBANK0     0000A0
draw@F4653                bssBANK0     00009E
draw@F4655                bssBANK0     00009C
draw@F4657                bssBANK0     00009A
draw@F4659                bssBANK0     000098
draw@F4661                bssBANK0     000096
draw@F4663                bssBANK0     000094
draw@F4665                bssBANK0     000092
draw@F4667                bssBANK0     000090
draw@F4669                bssBANK0     00008E
draw@F4671                bssBANK0     00008C
draw@F4673                bssBANK0     00008A
draw@F4675                bssBANK0     000088
draw@F4677                bssBANK0     000086
draw@F4679                bssBANK0     000084
draw@F4681                bssBANK0     000082
draw@F4683                bssBANK0     000080
end_of_initialization     cinit        001528
i2_canMove                text20       0012CA
i2_canMove$262            cstackCOMRAM 00002B
i2_move                   text19       001558
i2_move_down              text18       0015FE
i2canMove@bot             cstackCOMRAM 00002A
i2canMove@left            cstackCOMRAM 000027
i2canMove@position        cstackCOMRAM 000023
i2canMove@right           cstackCOMRAM 000028
i2canMove@top             cstackCOMRAM 000029
i2move@newPosition        cstackCOMRAM 00002C
i2move_down@newPosition   cstackCOMRAM 00002E
init@4606                 cstackBANK0  0000A6
init@F4605                bssCOMRAM    000019
init@i                    cstackBANK0  0000A8
init@i_116                cstackBANK0  0000AC
init@j                    cstackBANK0  0000AA
int$flags                 temp         000044
int_func                  intcode_body 001374
intlevel0                 text         000000
intlevel1                 text         000000
intlevel2                 text         000000
intlevel3                 text         000000
move@newPosition          cstackBANK0  0000AB
move_down@F4756           bssCOMRAM    00000F
move_down@newPosition     cstackBANK0  0000AD
move_left@F4747           bssCOMRAM    000015
move_left@newPosition     cstackBANK0  0000AD
move_right@F4750          bssCOMRAM    000013
move_right@newPosition    cstackBANK0  0000AD
move_up@F4753             bssCOMRAM    000011
move_up@newPosition       cstackBANK0  0000AD
not_intersects@intersects cstackCOMRAM 000038
poll_a@i                  cstackBANK0  0000AF
setLed@pos                cstackBANK0  0000A2
setLed@value              cstackBANK0  0000A4
stackhi                   (abs)        000F5F
stacklo                   (abs)        0000D1
start                     init         00000E
start_initialization      cinit        0014FE
submit@4720               cstackCOMRAM 00003D
submit@F4719              bssCOMRAM    000017
ttemp5                    temp         000045
ttemp6                    temp         000048
ttemp7                    temp         00004C
wtemp8                    temp         000045


FUNCTION INFORMATION:

 *************** function _main *****************
 Defined at:
		line 517 in file "main.c"
 Parameters:    Size  Location     Type
		None
 Auto vars:     Size  Location     Type
		None
 Return value:  Size  Location     Type
                  1    wreg      void 
 Registers used:
		wreg, fsr1l, fsr1h, fsr2l, fsr2h, status,2, status,0, cstack
 Tracked objects:
		On entry : 
		On exit  : 
		Unchanged: 
 Data sizes:     COMRAM   BANK0   BANK1   BANK2   BANK3   BANK4   BANK5   BANK6   BANK7   BANK8   BANK9  BANK10  BANK11  BANK12  BANK13  BANK14  BANK15
      Params:         0       0       0       0       0       0       0       0       0       0       0       0       0       0       0       0       0
      Locals:         0       0       0       0       0       0       0       0       0       0       0       0       0       0       0       0       0
      Temps:          0       0       0       0       0       0       0       0       0       0       0       0       0       0       0       0       0
      Totals:         0       0       0       0       0       0       0       0       0       0       0       0       0       0       0       0       0
Total ram usage:        0 bytes
 Hardware stack levels required when called:    9
 This function calls:
		_busy_wait
		_draw
		_init
		_poll_a
 This function is called by:
		Startup code after reset
 This function uses a non-reentrant model


 *************** function _poll_a *****************
 Defined at:
		line 493 in file "main.c"
 Parameters:    Size  Location     Type
		None
 Auto vars:     Size  Location     Type
  i               1   13[BANK0 ] unsigned char 
 Return value:  Size  Location     Type
                  1    wreg      void 
 Registers used:
		wreg, fsr1l, fsr1h, fsr2l, fsr2h, status,2, status,0, cstack
 Tracked objects:
		On entry : 
		On exit  : 
		Unchanged: 
 Data sizes:     COMRAM   BANK0   BANK1   BANK2   BANK3   BANK4   BANK5   BANK6   BANK7   BANK8   BANK9  BANK10  BANK11  BANK12  BANK13  BANK14  BANK15
      Params:         0       0       0       0       0       0       0       0       0       0       0       0       0       0       0       0       0
      Locals:         0       1       0       0       0       0       0       0       0       0       0       0       0       0       0       0       0
      Temps:          0       0       0       0       0       0       0       0       0       0       0       0       0       0       0       0       0
      Totals:         0       1       0       0       0       0       0       0       0       0       0       0       0       0       0       0       0
Total ram usage:        1 bytes
 Hardware stack levels used:    1
 Hardware stack levels required when called:    8
 This function calls:
		_move_down
		_move_left
		_move_right
		_move_up
 This function is called by:
		_main
 This function uses a non-reentrant model


 *************** function _move_up *****************
 Defined at:
		line 483 in file "main.c"
 Parameters:    Size  Location     Type
		None
 Auto vars:     Size  Location     Type
  newPosition     2   11[BANK0 ] struct Position
 Return value:  Size  Location     Type
                  1    wreg      void 
 Registers used:
		wreg, status,2, status,0, cstack
 Tracked objects:
		On entry : 
		On exit  : 
		Unchanged: 
 Data sizes:     COMRAM   BANK0   BANK1   BANK2   BANK3   BANK4   BANK5   BANK6   BANK7   BANK8   BANK9  BANK10  BANK11  BANK12  BANK13  BANK14  BANK15
      Params:         0       0       0       0       0       0       0       0       0       0       0       0       0       0       0       0       0
      Locals:         0       2       0       0       0       0       0       0       0       0       0       0       0       0       0       0       0
      Temps:          0       0       0       0       0       0       0       0       0       0       0       0       0       0       0       0       0
      Totals:         0       2       0       0       0       0       0       0       0       0       0       0       0       0       0       0       0
Total ram usage:        2 bytes
 Hardware stack levels used:    1
 Hardware stack levels required when called:    7
 This function calls:
		_move
 This function is called by:
		_poll_a
 This function uses a non-reentrant model


 *************** function _move_right *****************
 Defined at:
		line 478 in file "main.c"
 Parameters:    Size  Location     Type
		None
 Auto vars:     Size  Location     Type
  newPosition     2   11[BANK0 ] struct Position
 Return value:  Size  Location     Type
                  1    wreg      void 
 Registers used:
		wreg, status,2, status,0, cstack
 Tracked objects:
		On entry : 
		On exit  : 
		Unchanged: 
 Data sizes:     COMRAM   BANK0   BANK1   BANK2   BANK3   BANK4   BANK5   BANK6   BANK7   BANK8   BANK9  BANK10  BANK11  BANK12  BANK13  BANK14  BANK15
      Params:         0       0       0       0       0       0       0       0       0       0       0       0       0       0       0       0       0
      Locals:         0       2       0       0       0       0       0       0       0       0       0       0       0       0       0       0       0
      Temps:          0       0       0       0       0       0       0       0       0       0       0       0       0       0       0       0       0
      Totals:         0       2       0       0       0       0       0       0       0       0       0       0       0       0       0       0       0
Total ram usage:        2 bytes
 Hardware stack levels used:    1
 Hardware stack levels required when called:    7
 This function calls:
		_move
 This function is called by:
		_poll_a
 This function uses a non-reentrant model


 *************** function _move_left *****************
 Defined at:
		line 473 in file "main.c"
 Parameters:    Size  Location     Type
		None
 Auto vars:     Size  Location     Type
  newPosition     2   11[BANK0 ] struct Position
 Return value:  Size  Location     Type
                  1    wreg      void 
 Registers used:
		wreg, status,2, status,0, cstack
 Tracked objects:
		On entry : 
		On exit  : 
		Unchanged: 
 Data sizes:     COMRAM   BANK0   BANK1   BANK2   BANK3   BANK4   BANK5   BANK6   BANK7   BANK8   BANK9  BANK10  BANK11  BANK12  BANK13  BANK14  BANK15
      Params:         0       0       0       0       0       0       0       0       0       0       0       0       0       0       0       0       0
      Locals:         0       2       0       0       0       0       0       0       0       0       0       0       0       0       0       0       0
      Temps:          0       0       0       0       0       0       0       0       0       0       0       0       0       0       0       0       0
      Totals:         0       2       0       0       0       0       0       0       0       0       0       0       0       0       0       0       0
Total ram usage:        2 bytes
 Hardware stack levels used:    1
 Hardware stack levels required when called:    7
 This function calls:
		_move
 This function is called by:
		_poll_a
 This function uses a non-reentrant model


 *************** function _move_down *****************
 Defined at:
		line 488 in file "main.c"
 Parameters:    Size  Location     Type
		None
 Auto vars:     Size  Location     Type
  newPosition     2   11[BANK0 ] struct Position
 Return value:  Size  Location     Type
                  1    wreg      void 
 Registers used:
		wreg, status,2, status,0, cstack
 Tracked objects:
		On entry : 
		On exit  : 
		Unchanged: 
 Data sizes:     COMRAM   BANK0   BANK1   BANK2   BANK3   BANK4   BANK5   BANK6   BANK7   BANK8   BANK9  BANK10  BANK11  BANK12  BANK13  BANK14  BANK15
      Params:         0       0       0       0       0       0       0       0       0       0       0       0       0       0       0       0       0
      Locals:         0       2       0       0       0       0       0       0       0       0       0       0       0       0       0       0       0
      Temps:          0       0       0       0       0       0       0       0       0       0       0       0       0       0       0       0       0
      Totals:         0       2       0       0       0       0       0       0       0       0       0       0       0       0       0       0       0
Total ram usage:        2 bytes
 Hardware stack levels used:    1
 Hardware stack levels required when called:    7
 This function calls:
		_move
 This function is called by:
		_poll_a
 This function uses a non-reentrant model


 *************** function _move *****************
 Defined at:
		line 467 in file "main.c"
 Parameters:    Size  Location     Type
  newPosition     2    9[BANK0 ] struct Position
 Auto vars:     Size  Location     Type
		None
 Return value:  Size  Location     Type
                  1    wreg      void 
 Registers used:
		wreg, status,2, status,0, cstack
 Tracked objects:
		On entry : 
		On exit  : 
		Unchanged: 
 Data sizes:     COMRAM   BANK0   BANK1   BANK2   BANK3   BANK4   BANK5   BANK6   BANK7   BANK8   BANK9  BANK10  BANK11  BANK12  BANK13  BANK14  BANK15
      Params:         0       2       0       0       0       0       0       0       0       0       0       0       0       0       0       0       0
      Locals:         0       0       0       0       0       0       0       0       0       0       0       0       0       0       0       0       0
      Temps:          0       0       0       0       0       0       0       0       0       0       0       0       0       0       0       0       0
      Totals:         0       2       0       0       0       0       0       0       0       0       0       0       0       0       0       0       0
Total ram usage:        2 bytes
 Hardware stack levels used:    1
 Hardware stack levels required when called:    6
 This function calls:
		_canMove
 This function is called by:
		_move_left
		_move_right
		_move_up
		_move_down
 This function uses a non-reentrant model


 *************** function _canMove *****************
 Defined at:
		line 445 in file "main.c"
 Parameters:    Size  Location     Type
  position        2    0[BANK0 ] struct Position
 Auto vars:     Size  Location     Type
  bot             1    7[BANK0 ] unsigned char 
  top             1    6[BANK0 ] unsigned char 
  right           1    5[BANK0 ] unsigned char 
  left            1    4[BANK0 ] unsigned char 
 Return value:  Size  Location     Type
                  1    wreg      unsigned char 
 Registers used:
		wreg, status,2, status,0
 Tracked objects:
		On entry : 
		On exit  : 
		Unchanged: 
 Data sizes:     COMRAM   BANK0   BANK1   BANK2   BANK3   BANK4   BANK5   BANK6   BANK7   BANK8   BANK9  BANK10  BANK11  BANK12  BANK13  BANK14  BANK15
      Params:         0       2       0       0       0       0       0       0       0       0       0       0       0       0       0       0       0
      Locals:         0       5       0       0       0       0       0       0       0       0       0       0       0       0       0       0       0
      Temps:          0       2       0       0       0       0       0       0       0       0       0       0       0       0       0       0       0
      Totals:         0       9       0       0       0       0       0       0       0       0       0       0       0       0       0       0       0
Total ram usage:        9 bytes
 Hardware stack levels used:    1
 Hardware stack levels required when called:    5
 This function calls:
		Nothing
 This function is called by:
		_move
 This function uses a non-reentrant model


 *************** function _init *****************
 Defined at:
		line 156 in file "main.c"
 Parameters:    Size  Location     Type
		None
 Auto vars:     Size  Location     Type
  j               2    8[BANK0 ] int 
  i               2   10[BANK0 ] int 
  i               2    6[BANK0 ] int 
  4606            2    4[BANK0 ] struct Position
 Return value:  Size  Location     Type
                  1    wreg      void 
 Registers used:
		wreg, fsr2l, fsr2h, status,2, status,0
 Tracked objects:
		On entry : 
		On exit  : 
		Unchanged: 
 Data sizes:     COMRAM   BANK0   BANK1   BANK2   BANK3   BANK4   BANK5   BANK6   BANK7   BANK8   BANK9  BANK10  BANK11  BANK12  BANK13  BANK14  BANK15
      Params:         0       0       0       0       0       0       0       0       0       0       0       0       0       0       0       0       0
      Locals:         0       8       0       0       0       0       0       0       0       0       0       0       0       0       0       0       0
      Temps:          0       4       0       0       0       0       0       0       0       0       0       0       0       0       0       0       0
      Totals:         0      12       0       0       0       0       0       0       0       0       0       0       0       0       0       0       0
Total ram usage:       12 bytes
 Hardware stack levels used:    1
 Hardware stack levels required when called:    5
 This function calls:
		Nothing
 This function is called by:
		_main
 This function uses a non-reentrant model


 *************** function _draw *****************
 Defined at:
		line 284 in file "main.c"
 Parameters:    Size  Location     Type
		None
 Auto vars:     Size  Location     Type
  4684            2   45[BANK0 ] struct Position
  4682            2   43[BANK0 ] struct Position
  4680            2   41[BANK0 ] struct Position
  4678            2   39[BANK0 ] struct Position
  4676            2   37[BANK0 ] struct Position
  4674            2   35[BANK0 ] struct Position
  4672            2   33[BANK0 ] struct Position
  4670            2   31[BANK0 ] struct Position
  4668            2   29[BANK0 ] struct Position
  4666            2   27[BANK0 ] struct Position
  4664            2   25[BANK0 ] struct Position
  4662            2   23[BANK0 ] struct Position
  4660            2   21[BANK0 ] struct Position
  4658            2   19[BANK0 ] struct Position
  4656            2   17[BANK0 ] struct Position
  4654            2   15[BANK0 ] struct Position
  4652            2   13[BANK0 ] struct Position
 Return value:  Size  Location     Type
                  1    wreg      void 
 Registers used:
		wreg, status,2, status,0, cstack
 Tracked objects:
		On entry : 
		On exit  : 
		Unchanged: 
 Data sizes:     COMRAM   BANK0   BANK1   BANK2   BANK3   BANK4   BANK5   BANK6   BANK7   BANK8   BANK9  BANK10  BANK11  BANK12  BANK13  BANK14  BANK15
      Params:         0       0       0       0       0       0       0       0       0       0       0       0       0       0       0       0       0
      Locals:         0      34       0       0       0       0       0       0       0       0       0       0       0       0       0       0       0
      Temps:          0       8       0       0       0       0       0       0       0       0       0       0       0       0       0       0       0
      Totals:         0      42       0       0       0       0       0       0       0       0       0       0       0       0       0       0       0
Total ram usage:       42 bytes
 Hardware stack levels used:    1
 Hardware stack levels required when called:    6
 This function calls:
		_setLed
 This function is called by:
		_main
 This function uses a non-reentrant model


 *************** function _setLed *****************
 Defined at:
		line 255 in file "main.c"
 Parameters:    Size  Location     Type
  pos             2    0[BANK0 ] struct Position
  value           1    2[BANK0 ] unsigned char 
 Auto vars:     Size  Location     Type
		None
 Return value:  Size  Location     Type
                  1    wreg      void 
 Registers used:
		wreg, status,2, status,0
 Tracked objects:
		On entry : 
		On exit  : 
		Unchanged: 
 Data sizes:     COMRAM   BANK0   BANK1   BANK2   BANK3   BANK4   BANK5   BANK6   BANK7   BANK8   BANK9  BANK10  BANK11  BANK12  BANK13  BANK14  BANK15
      Params:         0       3       0       0       0       0       0       0       0       0       0       0       0       0       0       0       0
      Locals:         0       0       0       0       0       0       0       0       0       0       0       0       0       0       0       0       0
      Temps:          0       2       0       0       0       0       0       0       0       0       0       0       0       0       0       0       0
      Totals:         0       5       0       0       0       0       0       0       0       0       0       0       0       0       0       0       0
Total ram usage:        5 bytes
 Hardware stack levels used:    1
 Hardware stack levels required when called:    5
 This function calls:
		Nothing
 This function is called by:
		_draw
 This function uses a non-reentrant model


 *************** function _busy_wait *****************
 Defined at:
		line 112 in file "main.c"
 Parameters:    Size  Location     Type
		None
 Auto vars:     Size  Location     Type
  i               4    0[BANK0 ] long 
 Return value:  Size  Location     Type
                  1    wreg      void 
 Registers used:
		wreg, status,2, status,0
 Tracked objects:
		On entry : 
		On exit  : 
		Unchanged: 
 Data sizes:     COMRAM   BANK0   BANK1   BANK2   BANK3   BANK4   BANK5   BANK6   BANK7   BANK8   BANK9  BANK10  BANK11  BANK12  BANK13  BANK14  BANK15
      Params:         0       0       0       0       0       0       0       0       0       0       0       0       0       0       0       0       0
      Locals:         0       4       0       0       0       0       0       0       0       0       0       0       0       0       0       0       0
      Temps:          0       0       0       0       0       0       0       0       0       0       0       0       0       0       0       0       0
      Totals:         0       4       0       0       0       0       0       0       0       0       0       0       0       0       0       0       0
Total ram usage:        4 bytes
 Hardware stack levels used:    1
 Hardware stack levels required when called:    5
 This function calls:
		Nothing
 This function is called by:
		_main
 This function uses a non-reentrant model


 *************** function _HandleInterrupt *****************
 Defined at:
		line 131 in file "main.c"
 Parameters:    Size  Location     Type
		None
 Auto vars:     Size  Location     Type
		None
 Return value:  Size  Location     Type
                  1    wreg      void 
 Registers used:
		wreg, fsr2l, fsr2h, status,2, status,0, prodl, prodh, cstack
 Tracked objects:
		On entry : 
		On exit  : 
		Unchanged: 
 Data sizes:     COMRAM   BANK0   BANK1   BANK2   BANK3   BANK4   BANK5   BANK6   BANK7   BANK8   BANK9  BANK10  BANK11  BANK12  BANK13  BANK14  BANK15
      Params:         0       0       0       0       0       0       0       0       0       0       0       0       0       0       0       0       0
      Locals:         0       0       0       0       0       0       0       0       0       0       0       0       0       0       0       0       0
      Temps:          4       0       0       0       0       0       0       0       0       0       0       0       0       0       0       0       0
      Totals:         4       0       0       0       0       0       0       0       0       0       0       0       0       0       0       0       0
Total ram usage:        4 bytes
 Hardware stack levels used:    1
 Hardware stack levels required when called:    4
 This function calls:
		_blink
		_rotate
		_submit
 This function is called by:
		Interrupt level 2
 This function uses a non-reentrant model


 *************** function _submit *****************
 Defined at:
		line 387 in file "main.c"
 Parameters:    Size  Location     Type
		None
 Auto vars:     Size  Location     Type
  4720            2   26[COMRAM] struct Position
 Return value:  Size  Location     Type
                  1    wreg      void 
 Registers used:
		wreg, fsr2l, fsr2h, status,2, status,0, prodl, prodh, cstack
 Tracked objects:
		On entry : 
		On exit  : 
		Unchanged: 
 Data sizes:     COMRAM   BANK0   BANK1   BANK2   BANK3   BANK4   BANK5   BANK6   BANK7   BANK8   BANK9  BANK10  BANK11  BANK12  BANK13  BANK14  BANK15
      Params:         0       0       0       0       0       0       0       0       0       0       0       0       0       0       0       0       0
      Locals:         2       0       0       0       0       0       0       0       0       0       0       0       0       0       0       0       0
      Temps:          4       0       0       0       0       0       0       0       0       0       0       0       0       0       0       0       0
      Totals:         6       0       0       0       0       0       0       0       0       0       0       0       0       0       0       0       0
Total ram usage:        6 bytes
 Hardware stack levels used:    1
 Hardware stack levels required when called:    1
 This function calls:
		___lwmod
		_not_intersects
 This function is called by:
		_HandleInterrupt
 This function uses a non-reentrant model


 *************** function _not_intersects *****************
 Defined at:
		line 200 in file "main.c"
 Parameters:    Size  Location     Type
		None
 Auto vars:     Size  Location     Type
  intersects      1   21[COMRAM] unsigned char 
 Return value:  Size  Location     Type
                  1    wreg      unsigned char 
 Registers used:
		wreg, fsr2l, fsr2h, status,2, status,0, prodl, prodh
 Tracked objects:
		On entry : 
		On exit  : 
		Unchanged: 
 Data sizes:     COMRAM   BANK0   BANK1   BANK2   BANK3   BANK4   BANK5   BANK6   BANK7   BANK8   BANK9  BANK10  BANK11  BANK12  BANK13  BANK14  BANK15
      Params:         0       0       0       0       0       0       0       0       0       0       0       0       0       0       0       0       0
      Locals:        18       0       0       0       0       0       0       0       0       0       0       0       0       0       0       0       0
      Temps:          4       0       0       0       0       0       0       0       0       0       0       0       0       0       0       0       0
      Totals:        22       0       0       0       0       0       0       0       0       0       0       0       0       0       0       0       0
Total ram usage:       22 bytes
 Hardware stack levels used:    1
 This function calls:
		Nothing
 This function is called by:
		_submit
 This function uses a non-reentrant model


 *************** function ___lwmod *****************
 Defined at:
		line 7 in file "/opt/microchip/xc8/v2.30/pic/sources/c99/common/lwmod.c"
 Parameters:    Size  Location     Type
  dividend        2    0[COMRAM] unsigned int 
  divisor         2    2[COMRAM] unsigned int 
 Auto vars:     Size  Location     Type
  counter         1    4[COMRAM] unsigned char 
 Return value:  Size  Location     Type
                  2    0[COMRAM] unsigned int 
 Registers used:
		wreg, status,2, status,0
 Tracked objects:
		On entry : 
		On exit  : 
		Unchanged: 
 Data sizes:     COMRAM   BANK0   BANK1   BANK2   BANK3   BANK4   BANK5   BANK6   BANK7   BANK8   BANK9  BANK10  BANK11  BANK12  BANK13  BANK14  BANK15
      Params:         4       0       0       0       0       0       0       0       0       0       0       0       0       0       0       0       0
      Locals:         1       0       0       0       0       0       0       0       0       0       0       0       0       0       0       0       0
      Temps:          0       0       0       0       0       0       0       0       0       0       0       0       0       0       0       0       0
      Totals:         5       0       0       0       0       0       0       0       0       0       0       0       0       0       0       0       0
Total ram usage:        5 bytes
 Hardware stack levels used:    1
 This function calls:
		Nothing
 This function is called by:
		_submit
 This function uses a non-reentrant model


 *************** function _rotate *****************
 Defined at:
		line 383 in file "main.c"
 Parameters:    Size  Location     Type
		None
 Auto vars:     Size  Location     Type
		None
 Return value:  Size  Location     Type
                  1    wreg      void 
 Registers used:
		wreg, status,2, status,0
 Tracked objects:
		On entry : 
		On exit  : 
		Unchanged: 
 Data sizes:     COMRAM   BANK0   BANK1   BANK2   BANK3   BANK4   BANK5   BANK6   BANK7   BANK8   BANK9  BANK10  BANK11  BANK12  BANK13  BANK14  BANK15
      Params:         0       0       0       0       0       0       0       0       0       0       0       0       0       0       0       0       0
      Locals:         0       0       0       0       0       0       0       0       0       0       0       0       0       0       0       0       0
      Temps:          0       0       0       0       0       0       0       0       0       0       0       0       0       0       0       0       0
      Totals:         0       0       0       0       0       0       0       0       0       0       0       0       0       0       0       0       0
Total ram usage:        0 bytes
 Hardware stack levels used:    1
 This function calls:
		Nothing
 This function is called by:
		_HandleInterrupt
 This function uses a non-reentrant model


 *************** function _blink *****************
 Defined at:
		line 119 in file "main.c"
 Parameters:    Size  Location     Type
		None
 Auto vars:     Size  Location     Type
		None
 Return value:  Size  Location     Type
                  1    wreg      void 
 Registers used:
		wreg, status,2, status,0, cstack
 Tracked objects:
		On entry : 
		On exit  : 
		Unchanged: 
 Data sizes:     COMRAM   BANK0   BANK1   BANK2   BANK3   BANK4   BANK5   BANK6   BANK7   BANK8   BANK9  BANK10  BANK11  BANK12  BANK13  BANK14  BANK15
      Params:         0       0       0       0       0       0       0       0       0       0       0       0       0       0       0       0       0
      Locals:         0       0       0       0       0       0       0       0       0       0       0       0       0       0       0       0       0
      Temps:          0       0       0       0       0       0       0       0       0       0       0       0       0       0       0       0       0
      Totals:         0       0       0       0       0       0       0       0       0       0       0       0       0       0       0       0       0
Total ram usage:        0 bytes
 Hardware stack levels used:    1
 Hardware stack levels required when called:    3
 This function calls:
		i2_move_down
 This function is called by:
		_HandleInterrupt
 This function uses a non-reentrant model


 *************** function i2_move_down *****************
 Defined at:
		line 488 in file "main.c"
 Parameters:    Size  Location     Type
		None
 Auto vars:     Size  Location     Type
  newPosition     2   11[COMRAM] struct Position
 Return value:  Size  Location     Type
                  1    wreg      void 
 Registers used:
		wreg, status,2, status,0, cstack
 Tracked objects:
		On entry : 
		On exit  : 
		Unchanged: 
 Data sizes:     COMRAM   BANK0   BANK1   BANK2   BANK3   BANK4   BANK5   BANK6   BANK7   BANK8   BANK9  BANK10  BANK11  BANK12  BANK13  BANK14  BANK15
      Params:         0       0       0       0       0       0       0       0       0       0       0       0       0       0       0       0       0
      Locals:         2       0       0       0       0       0       0       0       0       0       0       0       0       0       0       0       0
      Temps:          0       0       0       0       0       0       0       0       0       0       0       0       0       0       0       0       0
      Totals:         2       0       0       0       0       0       0       0       0       0       0       0       0       0       0       0       0
Total ram usage:        2 bytes
 Hardware stack levels used:    1
 Hardware stack levels required when called:    2
 This function calls:
		i2_move
 This function is called by:
		_blink
 This function uses a non-reentrant model


 *************** function i2_move *****************
 Defined at:
		line 467 in file "main.c"
 Parameters:    Size  Location     Type
  newPosition     2    9[COMRAM] struct Position
 Auto vars:     Size  Location     Type
		None
 Return value:  Size  Location     Type
                  1    wreg      void 
 Registers used:
		wreg, status,2, status,0, cstack
 Tracked objects:
		On entry : 
		On exit  : 
		Unchanged: 
 Data sizes:     COMRAM   BANK0   BANK1   BANK2   BANK3   BANK4   BANK5   BANK6   BANK7   BANK8   BANK9  BANK10  BANK11  BANK12  BANK13  BANK14  BANK15
      Params:         2       0       0       0       0       0       0       0       0       0       0       0       0       0       0       0       0
      Locals:         0       0       0       0       0       0       0       0       0       0       0       0       0       0       0       0       0
      Temps:          0       0       0       0       0       0       0       0       0       0       0       0       0       0       0       0       0
      Totals:         2       0       0       0       0       0       0       0       0       0       0       0       0       0       0       0       0
Total ram usage:        2 bytes
 Hardware stack levels used:    1
 Hardware stack levels required when called:    1
 This function calls:
		i2_canMove
 This function is called by:
		i2_move_down
 This function uses a non-reentrant model


 *************** function i2_canMove *****************
 Defined at:
		line 445 in file "main.c"
 Parameters:    Size  Location     Type
  position        2    0[COMRAM] struct Position
 Auto vars:     Size  Location     Type
  bot             1    7[COMRAM] unsigned char 
  top             1    6[COMRAM] unsigned char 
  right           1    5[COMRAM] unsigned char 
  left            1    4[COMRAM] unsigned char 
 Return value:  Size  Location     Type
                  1    wreg      unsigned char 
 Registers used:
		wreg, status,2, status,0
 Tracked objects:
		On entry : 
		On exit  : 
		Unchanged: 
 Data sizes:     COMRAM   BANK0   BANK1   BANK2   BANK3   BANK4   BANK5   BANK6   BANK7   BANK8   BANK9  BANK10  BANK11  BANK12  BANK13  BANK14  BANK15
      Params:         2       0       0       0       0       0       0       0       0       0       0       0       0       0       0       0       0
      Locals:         5       0       0       0       0       0       0       0       0       0       0       0       0       0       0       0       0
      Temps:          2       0       0       0       0       0       0       0       0       0       0       0       0       0       0       0       0
      Totals:         9       0       0       0       0       0       0       0       0       0       0       0       0       0       0       0       0
Total ram usage:        9 bytes
 Hardware stack levels used:    1
 This function calls:
		Nothing
 This function is called by:
		i2_move
 This function uses a non-reentrant model



MODULE INFORMATION

Module		Function		Class		Link	Load	Size
/opt/microchip/xc8/v2.30/pic/sources/c99/common/lwmod.c
		___lwmod       		CODE           	1418	0000	100

/opt/microchip/xc8/v2.30/pic/sources/c99/common/lwmod.c estimated size: 100

shared
		i2_canMove     		CODE           	12CA	0000	170
		i2_move_down   		CODE           	15FE	0000	30
		__initialization		CODE           	14FE	0000	42
		i2_move        		CODE           	1558	0000	38

shared estimated size: 280

main.c
		_busy_wait     		CODE           	147C	0000	70
		_move_up       		CODE           	157E	0000	32
		_init          		CODE           	0FF6	0000	330
		_move_right    		CODE           	159E	0000	32
		_poll_a        		CODE           	1140	0000	222
		_main          		CODE           	161C	0000	24
		_submit        		CODE           	0AAA	0000	946
		_move_left     		CODE           	15BE	0000	32
		_move          		CODE           	1532	0000	38
		_HandleInterrupt		CODE           	0008	0000	170
		_move_down     		CODE           	15DE	0000	32
		_rotate        		CODE           	1634	0000	8
		_canMove       		CODE           	121E	0000	172
		_setLed        		CODE           	0E5C	0000	410
		_not_intersects		CODE           	0012	0000	1614
		_blink         		CODE           	14C2	0000	60
		_draw          		CODE           	0660	0000	1098

main.c estimated size: 5290

