Microchip MPLAB XC8 Compiler V2.30

Linker command line:

-W-3 --edf=/opt/microchip/xc8/v2.30/pic/dat/en_msgs.txt -cn \
  -h+dist/UploadWithPickit3/production/the2.X.production.sym \
  --cmf=dist/UploadWithPickit3/production/the2.X.production.cmf -z \
  -Q18F8722 -o/tmp/xcXecNPbd --defsym=__MPLAB_BUILD=1 \
  -Mdist/UploadWithPickit3/production/the2.X.production.map -E1 \
  -ver=XC8 Compiler --acfsm=1493 -ASTACK=0D9h-0F5Fh -pstack=STACK \
  -ACODE=00h-01FFFFh -ACONST=00h-01FFFFh -ASMALLCONST=01000h-010FFhx496 \
  -AMEDIUMCONST=01000h-0FFFFh,011000h-01FFFFh -ACOMRAM=01h-05Fh \
  -AABS1=00h-0F5Fh -ABIGRAM=01h-0F5Fh \
  -ARAM=060h-0FFh,0100h-01FFhx14,0F00h-0F5Fh -ABANK0=060h-0FFh \
  -ABANK1=0100h-01FFh -ABANK2=0200h-02FFh -ABANK3=0300h-03FFh \
  -ABANK4=0400h-04FFh -ABANK5=0500h-05FFh -ABANK6=0600h-06FFh \
  -ABANK7=0700h-07FFh -ABANK8=0800h-08FFh -ABANK9=0900h-09FFh \
  -ABANK10=0A00h-0AFFh -ABANK11=0B00h-0BFFh -ABANK12=0C00h-0CFFh \
  -ABANK13=0D00h-0DFFh -ABANK14=0E00h-0EFFh -ABANK15=0F00h-0F5Fh \
  -ASFR=0F60h-0FFFh -ACONFIG=0300000h-030000Dh -AIDLOC=0200000h-0200007h \
  -AEEDATA=0F00000h-0F003FFh -peeprom_data=EEDATA \
  -preset_vec=00h,intcode=08h,intcodelo,powerup,init -pramtop=01000h \
  -psmallconst=SMALLCONST -pmediumconst=MEDIUMCONST -pconst=CONST \
  -AFARRAM=00h-00h \
  -prdata=COMRAM,nvrram=COMRAM,nvbit=COMRAM,rbss=COMRAM,rbit=COMRAM \
  -pfarbss=FARRAM,fardata=FARRAM,nvFARRAM=FARRAM \
  -pintsave_regs=BIGRAM,bigbss=BIGRAM,bigdata=BIGRAM -pbss=RAM \
  -pidata=CODE,irdata=CODE,ibigdata=CODE,ifardata=CODE -prparam=COMRAM \
  /tmp/xcXiImlhB.o dist/UploadWithPickit3/production/the2.X.production.o 

Object code version is 3.11

Machine type is 18F8722



                Name                               Link     Load   Length Selector   Space Scale
/tmp/xcXiImlhB.o
                idloc                            200000   200000        8        0       5
                config                           300000   300000        E        0       4
                init                                  E        E        4        4       0
                reset_vec                             0        0        4        0       0
dist/UploadWithPickit3/production/the2.X.production.o
                intcode                               8        8        6        4       0
                idloc                            200000   200000        8        0       5
                config                           300000   300000        E        0       4
                temp                                 43       43        1        1       1
                text17                              C60      C60       2E        4       0
                text16                              D3C      D3C        8        4       0
                text15                              BB2      BB2       42        4       0
                text14                              416      416      2CE        4       0
                text13                              6E4      6E4      134        4       0
                intcode_body                        AD4      AD4       72        4       0
                text11                              BF4      BF4       38        4       0
                text10                              B46      B46       6C        4       0
                text9                               D0E      D0E       1C        4       0
                text8                               CEE      CEE       20        4       0
                text7                               818      818      12E        4       0
                text6                                12       12      404        4       0
                text5                               946      946      114        4       0
                text4                               CCE      CCE       20        4       0
                text3                               CAE      CAE       20        4       0
                text2                               C8E      C8E       20        4       0
                text1                               A5A      A5A       7A        4       0
                text0                               D2A      D2A       12        4       0
                cstackCOMRAM                         24       24       1F        1       1
                cstackBANK0                          A3       A3       35       60       1
                dataBANK0                            D8       D8        1       60       1
                bssBANK0                             60       60       43       60       1
                bssCOMRAM                             1        1       23        1       1
                cinit                               C2C      C2C       34        4       0
                idataBANK0                          D44      D44        1        4       0

TOTAL           Name                               Link     Load   Length     Space
        CLASS   STACK          

        CLASS   CODE           
                intcode                               8        8        6         0
                init                                  E        E        4         0
                reset_vec                             0        0        4         0
                text17                              C60      C60       2E         0
                text16                              D3C      D3C        8         0
                text15                              BB2      BB2       42         0
                text14                              416      416      2CE         0
                text13                              6E4      6E4      134         0
                intcode_body                        AD4      AD4       72         0
                text11                              BF4      BF4       38         0
                text10                              B46      B46       6C         0
                text9                               D0E      D0E       1C         0
                text8                               CEE      CEE       20         0
                text7                               818      818      12E         0
                text6                                12       12      404         0
                text5                               946      946      114         0
                text4                               CCE      CCE       20         0
                text3                               CAE      CAE       20         0
                text2                               C8E      C8E       20         0
                text1                               A5A      A5A       7A         0
                text0                               D2A      D2A       12         0
                cinit                               C2C      C2C       34         0
                idataBANK0                          D44      D44        1         0

        CLASS   CONST          

        CLASS   SMALLCONST     

        CLASS   MEDIUMCONST    

        CLASS   COMRAM         
                temp                                 43       43        1         1
                cstackCOMRAM                         24       24       1F         1
                bssCOMRAM                             1        1       23         1

        CLASS   ABS1           

        CLASS   BIGRAM         

        CLASS   RAM            

        CLASS   BANK0          
                cstackBANK0                          A3       A3       35         1
                dataBANK0                            D8       D8        1         1
                bssBANK0                             60       60       43         1

        CLASS   BANK1          

        CLASS   BANK2          

        CLASS   BANK3          

        CLASS   BANK4          

        CLASS   BANK5          

        CLASS   BANK6          

        CLASS   BANK7          

        CLASS   BANK8          

        CLASS   BANK9          

        CLASS   BANK10         

        CLASS   BANK11         

        CLASS   BANK12         

        CLASS   BANK13         

        CLASS   BANK14         

        CLASS   BANK15         

        CLASS   SFR            

        CLASS   CONFIG         
                config                           300000   300000        E         4

        CLASS   IDLOC          
                idloc                            200000   200000        8         5

        CLASS   EEDATA         

        CLASS   FARRAM         



SEGMENTS        Name                           Load    Length   Top    Selector   Space  Class

                bssBANK0                       000060  000079  0000D9        60       1  BANK0   
                intcode                        000008  000D3D  000D45         4       0  CODE    
                reset_vec                      000000  000004  000004         0       0  CODE    
                bssCOMRAM                      000001  000043  000044         1       1  COMRAM  


UNUSED ADDRESS RANGES

        Name                Unused          Largest block    Delta
        BANK0            0000D9-0000FF               27
        BANK1            000100-0001FF              100
        BANK10           000A00-000AFF              100
        BANK11           000B00-000BFF              100
        BANK12           000C00-000CFF              100
        BANK13           000D00-000DFF              100
        BANK14           000E00-000EFF              100
        BANK15           000F00-000F5F               60
        BANK2            000200-0002FF              100
        BANK3            000300-0003FF              100
        BANK4            000400-0004FF              100
        BANK5            000500-0005FF              100
        BANK6            000600-0006FF              100
        BANK7            000700-0007FF              100
        BANK8            000800-0008FF              100
        BANK9            000900-0009FF              100
        BIGRAM           000044-00005F               1C
                         0000D9-000F5F              E87
        CODE             000004-000007                4
                         000D45-01FFFF            1F2BB
        COMRAM           000044-00005F               1C
        CONST            000004-000007                4
                         000D45-01FFFF            1F2BB
        EEDATA           F00000-F003FF              400
        MEDIUMCONST      001000-00FFFF             F000
                         011000-01FFFF             F000
        RAM              0000D9-000F5F              100
        SFR              000F60-000FFF               A0
        SMALLCONST       001000-01FFFF              100
        STACK            0000D9-000F5F              E87

                                  Symbol Table

?___lwmod                 cstackCOMRAM 000024
_HandleInterrupt          intcode      000008
_INTCON                   (abs)        000FF2
_INTCONbits               (abs)        000FF2
_LATB                     (abs)        000F8A
_LATC                     (abs)        000F8B
_LATD                     (abs)        000F8C
_LATE                     (abs)        000F8D
_LATF                     (abs)        000F8E
_LATG                     (abs)        000F8F
_PORTB                    (abs)        000F81
_PORTBbits                (abs)        000F81
_PORTC                    (abs)        000F82
_PORTD                    (abs)        000F83
_PORTE                    (abs)        000F84
_PORTF                    (abs)        000F85
_PORTG                    (abs)        000F86
_PORTG_current            bssCOMRAM    000007
_PORTG_previous           bssCOMRAM    00000B
_PORTGbits                (abs)        000F86
_PORTH                    (abs)        000F87
_PORTJ                    (abs)        000F88
_T0CON                    (abs)        000FD5
_TMR0H                    (abs)        000FD7
_TMR0L                    (abs)        000FD6
_TRISB                    (abs)        000F93
_TRISC                    (abs)        000F94
_TRISD                    (abs)        000F95
_TRISE                    (abs)        000F96
_TRISF                    (abs)        000F97
_TRISG                    (abs)        000F98
_TRISH                    (abs)        000F99
_TRISJ                    (abs)        000F9A
__HRAM                    (abs)        000000
__Habs1                   abs1         000000
__Hbank0                  bank0        000000
__Hbank1                  bank1        000000
__Hbank10                 bank10       000000
__Hbank11                 bank11       000000
__Hbank12                 bank12       000000
__Hbank13                 bank13       000000
__Hbank14                 bank14       000000
__Hbank15                 bank15       000000
__Hbank2                  bank2        000000
__Hbank3                  bank3        000000
__Hbank4                  bank4        000000
__Hbank5                  bank5        000000
__Hbank6                  bank6        000000
__Hbank7                  bank7        000000
__Hbank8                  bank8        000000
__Hbank9                  bank9        000000
__Hbigbss                 bigbss       000000
__Hbigdata                bigdata      000000
__Hbigram                 bigram       000000
__Hbss                    bss          000000
__HbssBANK0               bssBANK0     000000
__HbssCOMRAM              bssCOMRAM    000000
__Hcinit                  cinit        000000
__Hclrtext                clrtext      000000
__Hcomram                 comram       000000
__Hconfig                 config       30000E
__Hconst                  const        000000
__HcstackBANK0            cstackBANK0  000000
__HcstackCOMRAM           cstackCOMRAM 000000
__Hdata                   data         000000
__HdataBANK0              dataBANK0    000000
__Heeprom_data            eeprom_data  000000
__Hfarbss                 farbss       000000
__Hfardata                fardata      000000
__Hibigdata               ibigdata     000000
__Hidata                  idata        000000
__HidataBANK0             idataBANK0   000000
__Hidloc                  idloc        200008
__Hifardata               ifardata     000000
__Hinit                   init         000012
__Hintcode                intcode      00000E
__Hintcode_body           intcode_body 000000
__Hintcodelo              intcodelo    00000E
__Hintentry               intentry     000000
__Hintret                 intret       000000
__Hintsave_regs           intsave_regs 000000
__Hirdata                 irdata       000000
__Hmediumconst            mediumconst  000000
__HnvFARRAM               nvFARRAM     000000
__Hnvbit                  nvbit        000000
__Hnvrram                 nvrram       000000
__Hparam                  rparam       000000
__Hpowerup                powerup      00000E
__Hram                    ram          000000
__Hramtop                 ramtop       001000
__Hrbit                   rbit         000000
__Hrbss                   rbss         000000
__Hrdata                  rdata        000000
__Hreset_vec              reset_vec    000004
__Hrparam                 rparam       000000
__Hsfr                    sfr          000000
__Hsmallconst             smallconst   000000
__Hspace_0                (abs)        001000
__Hspace_1                (abs)        0000D9
__Hspace_2                (abs)        000000
__Hspace_4                (abs)        60000E
__Hstack                  stack        000000
__Hstruct                 struct       000000
__Htemp                   temp         000044
__Htext                   text         000000
__Htext0                  text0        000000
__Htext1                  text1        000000
__Htext10                 text10       000000
__Htext11                 text11       000000
__Htext13                 text13       000000
__Htext14                 text14       000000
__Htext15                 text15       000000
__Htext16                 text16       000000
__Htext17                 text17       000000
__Htext2                  text2        000000
__Htext3                  text3        000000
__Htext4                  text4        000000
__Htext5                  text5        000000
__Htext6                  text6        000000
__Htext7                  text7        000000
__Htext8                  text8        000000
__Htext9                  text9        000000
__LRAM                    (abs)        000001
__Labs1                   abs1         000000
__Lbank0                  bank0        000000
__Lbank1                  bank1        000000
__Lbank10                 bank10       000000
__Lbank11                 bank11       000000
__Lbank12                 bank12       000000
__Lbank13                 bank13       000000
__Lbank14                 bank14       000000
__Lbank15                 bank15       000000
__Lbank2                  bank2        000000
__Lbank3                  bank3        000000
__Lbank4                  bank4        000000
__Lbank5                  bank5        000000
__Lbank6                  bank6        000000
__Lbank7                  bank7        000000
__Lbank8                  bank8        000000
__Lbank9                  bank9        000000
__Lbigbss                 bigbss       000000
__Lbigdata                bigdata      000000
__Lbigram                 bigram       000000
__Lbss                    bss          000000
__LbssBANK0               bssBANK0     000000
__LbssCOMRAM              bssCOMRAM    000000
__Lcinit                  cinit        000000
__Lclrtext                clrtext      000000
__Lcomram                 comram       000000
__Lconfig                 config       000000
__Lconst                  const        000000
__LcstackBANK0            cstackBANK0  000000
__LcstackCOMRAM           cstackCOMRAM 000000
__Ldata                   data         000000
__LdataBANK0              dataBANK0    000000
__Leeprom_data            eeprom_data  000000
__Lfarbss                 farbss       000000
__Lfardata                fardata      000000
__Libigdata               ibigdata     000000
__Lidata                  idata        000000
__LidataBANK0             idataBANK0   000000
__Lidloc                  idloc        000000
__Lifardata               ifardata     000000
__Linit                   init         00000E
__Lintcode                intcode      000008
__Lintcode_body           intcode_body 000000
__Lintcodelo              intcodelo    00000E
__Lintentry               intentry     000000
__Lintret                 intret       000000
__Lintsave_regs           intsave_regs 000000
__Lirdata                 irdata       000000
__Lmediumconst            mediumconst  000000
__LnvFARRAM               nvFARRAM     000000
__Lnvbit                  nvbit        000000
__Lnvrram                 nvrram       000000
__Lparam                  rparam       000000
__Lpowerup                powerup      00000E
__Lram                    ram          000000
__Lramtop                 ramtop       001000
__Lrbit                   rbit         000000
__Lrbss                   rbss         000000
__Lrdata                  rdata        000000
__Lreset_vec              reset_vec    000000
__Lrparam                 rparam       000000
__Lsfr                    sfr          000000
__Lsmallconst             smallconst   000000
__Lspace_0                (abs)        000000
__Lspace_1                (abs)        000000
__Lspace_2                (abs)        000000
__Lspace_4                (abs)        000000
__Lstack                  stack        000000
__Lstruct                 struct       000000
__Ltemp                   temp         000043
__Ltext                   text         000000
__Ltext0                  text0        000000
__Ltext1                  text1        000000
__Ltext10                 text10       000000
__Ltext11                 text11       000000
__Ltext13                 text13       000000
__Ltext14                 text14       000000
__Ltext15                 text15       000000
__Ltext16                 text16       000000
__Ltext17                 text17       000000
__Ltext2                  text2        000000
__Ltext3                  text3        000000
__Ltext4                  text4        000000
__Ltext5                  text5        000000
__Ltext6                  text6        000000
__Ltext7                  text7        000000
__Ltext8                  text8        000000
__Ltext9                  text9        000000
__S0                      (abs)        000D45
__S1                      (abs)        0000D9
__S2                      (abs)        000000
__S4                      (abs)        000000
__S5                      (abs)        000000
___extmem_base            (abs)        020000
___inthi_sp               stack        000000
___intlo_sp               stack        000000
___lwmod                  text15       000BB2
___lwmod@counter          cstackCOMRAM 000028
___lwmod@dividend         cstackCOMRAM 000024
___lwmod@divisor          cstackCOMRAM 000026
___param_bank             (abs)        000000
___rparam_used            (abs)        000001
___sp                     stack        000000
__accesstop               (abs)        000060
__activetblptr            (abs)        000003
__end_of_HandleInterrupt  intcode_body 000B46
__end_of___lwmod          text15       000BF4
__end_of__initialization  cinit        000C56
__end_of_blink            text17       000C8E
__end_of_busy_wait        text11       000C2C
__end_of_canMove          text10       000BB2
__end_of_draw             text6        000416
__end_of_init             text5        000A5A
__end_of_main             text0        000D3C
__end_of_move             text9        000D2A
__end_of_move_down        text8        000D0E
__end_of_move_left        text4        000CEE
__end_of_move_right       text3        000CCE
__end_of_move_up          text2        000CAE
__end_of_not_intersects   text14       0006E4
__end_of_poll_g           text1        000AD4
__end_of_rotate           text16       000D44
__end_of_setLed           text7        000946
__end_of_submit           text13       000818
__initialization          cinit        000C2C
__mediumconst             mediumconst  000000
__pbssBANK0               bssBANK0     000060
__pbssCOMRAM              bssCOMRAM    000001
__pcinit                  cinit        000C2C
__pcstackBANK0            cstackBANK0  0000A3
__pcstackCOMRAM           cstackCOMRAM 000024
__pdataBANK0              dataBANK0    0000D8
__pidataBANK0             idataBANK0   000D44
__pintcode                intcode      000008
__pintcode_body           intcode_body 000AD4
__ptext0                  text0        000D2A
__ptext1                  text1        000A5A
__ptext10                 text10       000B46
__ptext11                 text11       000BF4
__ptext13                 text13       0006E4
__ptext14                 text14       000416
__ptext15                 text15       000BB2
__ptext16                 text16       000D3C
__ptext17                 text17       000C60
__ptext2                  text2        000C8E
__ptext3                  text3        000CAE
__ptext4                  text4        000CCE
__ptext5                  text5        000946
__ptext6                  text6        000012
__ptext7                  text7        000818
__ptext8                  text8        000CEE
__ptext9                  text9        000D0E
__ramtop                  ramtop       001000
__size_of_HandleInterrupt (abs)        000000
__size_of___lwmod         (abs)        000000
__size_of_blink           (abs)        000000
__size_of_busy_wait       (abs)        000000
__size_of_canMove         (abs)        000000
__size_of_draw            (abs)        000000
__size_of_init            (abs)        000000
__size_of_main            (abs)        000000
__size_of_move            (abs)        000000
__size_of_move_down       (abs)        000000
__size_of_move_left       (abs)        000000
__size_of_move_right      (abs)        000000
__size_of_move_up         (abs)        000000
__size_of_not_intersects  (abs)        000000
__size_of_poll_g          (abs)        000000
__size_of_rotate          (abs)        000000
__size_of_setLed          (abs)        000000
__size_of_submit          (abs)        000000
__smallconst              smallconst   000000
_blink                    text17       000C60
_blink_counter            bssCOMRAM    00001D
_blink_on                 dataBANK0    0000D8
_busy_wait                text11       000BF4
_canMove                  text10       000B46
_canMove$479              cstackBANK0  0000A9
_counter250ms             bssCOMRAM    000023
_draw                     text6        000012
_grid                     bssBANK0     000060
_init                     text5        000946
_keys                     bssCOMRAM    000001
_main                     text0        000D2A
_move                     text9        000D0E
_move_down                text8        000CEE
_move_left                text4        000CCE
_move_right               text3        000CAE
_move_up                  text2        000C8E
_not_intersects           text14       000416
_not_intersects$336       cstackCOMRAM 000026
_not_intersects$337       cstackCOMRAM 000027
_not_intersects$338       cstackCOMRAM 000028
_not_intersects$339       cstackCOMRAM 000029
_not_intersects$340       cstackCOMRAM 00002A
_not_intersects$341       cstackCOMRAM 00002B
_not_intersects$342       cstackCOMRAM 00002C
_not_intersects$343       cstackCOMRAM 00002D
_not_intersects$344       cstackCOMRAM 00002E
_not_intersects$345       cstackCOMRAM 00002F
_not_intersects$346       cstackCOMRAM 000030
_not_intersects$347       cstackCOMRAM 000031
_not_intersects$348       cstackCOMRAM 000032
_not_intersects$349       cstackCOMRAM 000033
_not_intersects$350       cstackCOMRAM 000034
_not_intersects$351       cstackCOMRAM 000035
_not_intersects$352       cstackCOMRAM 000036
_poll_g                   text1        000A5A
_position                 bssCOMRAM    00001B
_prev_rotate              bssCOMRAM    00001F
_prev_submit              bssCOMRAM    000020
_rotate                   text16       000D3C
_rotation                 bssCOMRAM    000022
_setLed                   text7        000818
_submit                   text13       0006E4
_type                     bssCOMRAM    000021
_will_down                bssBANK0     0000A2
btemp                     temp         000043
busy_wait@i               cstackBANK0  0000A3
canMove@bot               cstackBANK0  0000A8
canMove@left              cstackBANK0  0000A5
canMove@position          cstackCOMRAM 000040
canMove@right             cstackBANK0  0000A6
canMove@top               cstackBANK0  0000A7
draw@4654                 cstackBANK0  0000B6
draw@4656                 cstackBANK0  0000B8
draw@4658                 cstackBANK0  0000BA
draw@4660                 cstackBANK0  0000BC
draw@4662                 cstackBANK0  0000BE
draw@4664                 cstackBANK0  0000C0
draw@4666                 cstackBANK0  0000C2
draw@4668                 cstackBANK0  0000C4
draw@4670                 cstackBANK0  0000C6
draw@4672                 cstackBANK0  0000C8
draw@4674                 cstackBANK0  0000CA
draw@4676                 cstackBANK0  0000CC
draw@4678                 cstackBANK0  0000CE
draw@4680                 cstackBANK0  0000D0
draw@4682                 cstackBANK0  0000D2
draw@4684                 cstackBANK0  0000D4
draw@4686                 cstackBANK0  0000D6
draw@F4653                bssBANK0     0000A0
draw@F4655                bssBANK0     00009E
draw@F4657                bssBANK0     00009C
draw@F4659                bssBANK0     00009A
draw@F4661                bssBANK0     000098
draw@F4663                bssBANK0     000096
draw@F4665                bssBANK0     000094
draw@F4667                bssBANK0     000092
draw@F4669                bssBANK0     000090
draw@F4671                bssBANK0     00008E
draw@F4673                bssBANK0     00008C
draw@F4675                bssBANK0     00008A
draw@F4677                bssBANK0     000088
draw@F4679                bssBANK0     000086
draw@F4681                bssBANK0     000084
draw@F4683                bssBANK0     000082
draw@F4685                bssBANK0     000080
end_of_initialization     cinit        000C56
init@4608                 cstackBANK0  0000A3
init@F4607                bssCOMRAM    000019
init@i                    cstackBANK0  0000A5
init@i_333                cstackBANK0  0000A9
init@j                    cstackBANK0  0000A7
int$flags                 temp         000043
int_func                  intcode_body 000AD4
intlevel0                 text         000000
intlevel1                 text         000000
intlevel2                 text         000000
intlevel3                 text         000000
move@newPosition          cstackBANK0  0000AA
move_down@F4758           bssCOMRAM    00000F
move_down@newPosition     cstackBANK0  0000AC
move_left@F4749           bssCOMRAM    000015
move_left@newPosition     cstackBANK0  0000AC
move_right@F4752          bssCOMRAM    000013
move_right@newPosition    cstackBANK0  0000AC
move_up@F4755             bssCOMRAM    000011
move_up@newPosition       cstackBANK0  0000AC
not_intersects@intersects cstackCOMRAM 000037
poll_g@i                  cstackCOMRAM 000042
setLed@pos                cstackCOMRAM 000040
setLed@value              cstackCOMRAM 000042
stackhi                   (abs)        000F5F
stacklo                   (abs)        0000D9
start                     init         00000E
start_initialization      cinit        000C2C
submit@4722               cstackCOMRAM 00003A
submit@F4721              bssCOMRAM    000017
ttemp5                    temp         000044
ttemp6                    temp         000047
ttemp7                    temp         00004B
wtemp8                    temp         000044


FUNCTION INFORMATION:

 *************** function _main *****************
 Defined at:
		line 533 in file "main.c"
 Parameters:    Size  Location     Type
		None
 Auto vars:     Size  Location     Type
		None
 Return value:  Size  Location     Type
                  1    wreg      void 
 Registers used:
		wreg, fsr1l, fsr1h, fsr2l, fsr2h, status,2, status,0, prodl, prodh, cstack
 Tracked objects:
		On entry : 
		On exit  : 
		Unchanged: 
 Data sizes:     COMRAM   BANK0   BANK1   BANK2   BANK3   BANK4   BANK5   BANK6   BANK7   BANK8   BANK9  BANK10  BANK11  BANK12  BANK13  BANK14  BANK15
      Params:         0       0       0       0       0       0       0       0       0       0       0       0       0       0       0       0       0
      Locals:         0       0       0       0       0       0       0       0       0       0       0       0       0       0       0       0       0
      Temps:          0       0       0       0       0       0       0       0       0       0       0       0       0       0       0       0       0
      Totals:         0       0       0       0       0       0       0       0       0       0       0       0       0       0       0       0       0
Total ram usage:        0 bytes
 Hardware stack levels required when called:    7
 This function calls:
		_busy_wait
		_draw
		_init
		_poll_g
 This function is called by:
		Startup code after reset
 This function uses a non-reentrant model


 *************** function _poll_g *****************
 Defined at:
		line 509 in file "main.c"
 Parameters:    Size  Location     Type
		None
 Auto vars:     Size  Location     Type
  i               1   30[COMRAM] unsigned char 
 Return value:  Size  Location     Type
                  1    wreg      void 
 Registers used:
		wreg, fsr1l, fsr1h, fsr2l, fsr2h, status,2, status,0, cstack
 Tracked objects:
		On entry : 
		On exit  : 
		Unchanged: 
 Data sizes:     COMRAM   BANK0   BANK1   BANK2   BANK3   BANK4   BANK5   BANK6   BANK7   BANK8   BANK9  BANK10  BANK11  BANK12  BANK13  BANK14  BANK15
      Params:         0       0       0       0       0       0       0       0       0       0       0       0       0       0       0       0       0
      Locals:         1       0       0       0       0       0       0       0       0       0       0       0       0       0       0       0       0
      Temps:          0       0       0       0       0       0       0       0       0       0       0       0       0       0       0       0       0
      Totals:         1       0       0       0       0       0       0       0       0       0       0       0       0       0       0       0       0
Total ram usage:        1 bytes
 Hardware stack levels used:    1
 Hardware stack levels required when called:    6
 This function calls:
		_move_down
		_move_left
		_move_right
		_move_up
 This function is called by:
		_main
 This function uses a non-reentrant model


 *************** function _move_up *****************
 Defined at:
		line 499 in file "main.c"
 Parameters:    Size  Location     Type
		None
 Auto vars:     Size  Location     Type
  newPosition     2    9[BANK0 ] struct Position
 Return value:  Size  Location     Type
                  1    wreg      void 
 Registers used:
		wreg, status,2, status,0, cstack
 Tracked objects:
		On entry : 
		On exit  : 
		Unchanged: 
 Data sizes:     COMRAM   BANK0   BANK1   BANK2   BANK3   BANK4   BANK5   BANK6   BANK7   BANK8   BANK9  BANK10  BANK11  BANK12  BANK13  BANK14  BANK15
      Params:         0       0       0       0       0       0       0       0       0       0       0       0       0       0       0       0       0
      Locals:         0       2       0       0       0       0       0       0       0       0       0       0       0       0       0       0       0
      Temps:          0       0       0       0       0       0       0       0       0       0       0       0       0       0       0       0       0
      Totals:         0       2       0       0       0       0       0       0       0       0       0       0       0       0       0       0       0
Total ram usage:        2 bytes
 Hardware stack levels used:    1
 Hardware stack levels required when called:    5
 This function calls:
		_move
 This function is called by:
		_poll_g
 This function uses a non-reentrant model


 *************** function _move_right *****************
 Defined at:
		line 494 in file "main.c"
 Parameters:    Size  Location     Type
		None
 Auto vars:     Size  Location     Type
  newPosition     2    9[BANK0 ] struct Position
 Return value:  Size  Location     Type
                  1    wreg      void 
 Registers used:
		wreg, status,2, status,0, cstack
 Tracked objects:
		On entry : 
		On exit  : 
		Unchanged: 
 Data sizes:     COMRAM   BANK0   BANK1   BANK2   BANK3   BANK4   BANK5   BANK6   BANK7   BANK8   BANK9  BANK10  BANK11  BANK12  BANK13  BANK14  BANK15
      Params:         0       0       0       0       0       0       0       0       0       0       0       0       0       0       0       0       0
      Locals:         0       2       0       0       0       0       0       0       0       0       0       0       0       0       0       0       0
      Temps:          0       0       0       0       0       0       0       0       0       0       0       0       0       0       0       0       0
      Totals:         0       2       0       0       0       0       0       0       0       0       0       0       0       0       0       0       0
Total ram usage:        2 bytes
 Hardware stack levels used:    1
 Hardware stack levels required when called:    5
 This function calls:
		_move
 This function is called by:
		_poll_g
 This function uses a non-reentrant model


 *************** function _move_left *****************
 Defined at:
		line 489 in file "main.c"
 Parameters:    Size  Location     Type
		None
 Auto vars:     Size  Location     Type
  newPosition     2    9[BANK0 ] struct Position
 Return value:  Size  Location     Type
                  1    wreg      void 
 Registers used:
		wreg, status,2, status,0, cstack
 Tracked objects:
		On entry : 
		On exit  : 
		Unchanged: 
 Data sizes:     COMRAM   BANK0   BANK1   BANK2   BANK3   BANK4   BANK5   BANK6   BANK7   BANK8   BANK9  BANK10  BANK11  BANK12  BANK13  BANK14  BANK15
      Params:         0       0       0       0       0       0       0       0       0       0       0       0       0       0       0       0       0
      Locals:         0       2       0       0       0       0       0       0       0       0       0       0       0       0       0       0       0
      Temps:          0       0       0       0       0       0       0       0       0       0       0       0       0       0       0       0       0
      Totals:         0       2       0       0       0       0       0       0       0       0       0       0       0       0       0       0       0
Total ram usage:        2 bytes
 Hardware stack levels used:    1
 Hardware stack levels required when called:    5
 This function calls:
		_move
 This function is called by:
		_poll_g
 This function uses a non-reentrant model


 *************** function _init *****************
 Defined at:
		line 161 in file "main.c"
 Parameters:    Size  Location     Type
		None
 Auto vars:     Size  Location     Type
  j               2    4[BANK0 ] int 
  i               2    6[BANK0 ] int 
  i               2    2[BANK0 ] int 
  4608            2    0[BANK0 ] struct Position
 Return value:  Size  Location     Type
                  1    wreg      void 
 Registers used:
		wreg, fsr2l, fsr2h, status,2, status,0, prodl, prodh
 Tracked objects:
		On entry : 
		On exit  : 
		Unchanged: 
 Data sizes:     COMRAM   BANK0   BANK1   BANK2   BANK3   BANK4   BANK5   BANK6   BANK7   BANK8   BANK9  BANK10  BANK11  BANK12  BANK13  BANK14  BANK15
      Params:         0       0       0       0       0       0       0       0       0       0       0       0       0       0       0       0       0
      Locals:         0       8       0       0       0       0       0       0       0       0       0       0       0       0       0       0       0
      Temps:          0       0       0       0       0       0       0       0       0       0       0       0       0       0       0       0       0
      Totals:         0       8       0       0       0       0       0       0       0       0       0       0       0       0       0       0       0
Total ram usage:        8 bytes
 Hardware stack levels used:    1
 Hardware stack levels required when called:    3
 This function calls:
		Nothing
 This function is called by:
		_main
 This function uses a non-reentrant model


 *************** function _draw *****************
 Defined at:
		line 296 in file "main.c"
 Parameters:    Size  Location     Type
		None
 Auto vars:     Size  Location     Type
  4686            2   51[BANK0 ] struct Position
  4684            2   49[BANK0 ] struct Position
  4682            2   47[BANK0 ] struct Position
  4680            2   45[BANK0 ] struct Position
  4678            2   43[BANK0 ] struct Position
  4676            2   41[BANK0 ] struct Position
  4674            2   39[BANK0 ] struct Position
  4672            2   37[BANK0 ] struct Position
  4670            2   35[BANK0 ] struct Position
  4668            2   33[BANK0 ] struct Position
  4666            2   31[BANK0 ] struct Position
  4664            2   29[BANK0 ] struct Position
  4662            2   27[BANK0 ] struct Position
  4660            2   25[BANK0 ] struct Position
  4658            2   23[BANK0 ] struct Position
  4656            2   21[BANK0 ] struct Position
  4654            2   19[BANK0 ] struct Position
 Return value:  Size  Location     Type
                  1    wreg      void 
 Registers used:
		wreg, status,2, status,0, cstack
 Tracked objects:
		On entry : 
		On exit  : 
		Unchanged: 
 Data sizes:     COMRAM   BANK0   BANK1   BANK2   BANK3   BANK4   BANK5   BANK6   BANK7   BANK8   BANK9  BANK10  BANK11  BANK12  BANK13  BANK14  BANK15
      Params:         0       0       0       0       0       0       0       0       0       0       0       0       0       0       0       0       0
      Locals:         0      34       0       0       0       0       0       0       0       0       0       0       0       0       0       0       0
      Temps:          0       8       0       0       0       0       0       0       0       0       0       0       0       0       0       0       0
      Totals:         0      42       0       0       0       0       0       0       0       0       0       0       0       0       0       0       0
Total ram usage:       42 bytes
 Hardware stack levels used:    1
 Hardware stack levels required when called:    6
 This function calls:
		_move_down
		_setLed
 This function is called by:
		_main
 This function uses a non-reentrant model


 *************** function _setLed *****************
 Defined at:
		line 267 in file "main.c"
 Parameters:    Size  Location     Type
  pos             2   28[COMRAM] struct Position
  value           1   30[COMRAM] unsigned char 
 Auto vars:     Size  Location     Type
		None
 Return value:  Size  Location     Type
                  1    wreg      void 
 Registers used:
		wreg, status,2, status,0
 Tracked objects:
		On entry : 
		On exit  : 
		Unchanged: 
 Data sizes:     COMRAM   BANK0   BANK1   BANK2   BANK3   BANK4   BANK5   BANK6   BANK7   BANK8   BANK9  BANK10  BANK11  BANK12  BANK13  BANK14  BANK15
      Params:         3       0       0       0       0       0       0       0       0       0       0       0       0       0       0       0       0
      Locals:         0       0       0       0       0       0       0       0       0       0       0       0       0       0       0       0       0
      Temps:          0       2       0       0       0       0       0       0       0       0       0       0       0       0       0       0       0
      Totals:         3       2       0       0       0       0       0       0       0       0       0       0       0       0       0       0       0
Total ram usage:        5 bytes
 Hardware stack levels used:    1
 Hardware stack levels required when called:    3
 This function calls:
		Nothing
 This function is called by:
		_draw
 This function uses a non-reentrant model


 *************** function _move_down *****************
 Defined at:
		line 504 in file "main.c"
 Parameters:    Size  Location     Type
		None
 Auto vars:     Size  Location     Type
  newPosition     2    9[BANK0 ] struct Position
 Return value:  Size  Location     Type
                  1    wreg      void 
 Registers used:
		wreg, status,2, status,0, cstack
 Tracked objects:
		On entry : 
		On exit  : 
		Unchanged: 
 Data sizes:     COMRAM   BANK0   BANK1   BANK2   BANK3   BANK4   BANK5   BANK6   BANK7   BANK8   BANK9  BANK10  BANK11  BANK12  BANK13  BANK14  BANK15
      Params:         0       0       0       0       0       0       0       0       0       0       0       0       0       0       0       0       0
      Locals:         0       2       0       0       0       0       0       0       0       0       0       0       0       0       0       0       0
      Temps:          0       0       0       0       0       0       0       0       0       0       0       0       0       0       0       0       0
      Totals:         0       2       0       0       0       0       0       0       0       0       0       0       0       0       0       0       0
Total ram usage:        2 bytes
 Hardware stack levels used:    1
 Hardware stack levels required when called:    5
 This function calls:
		_move
 This function is called by:
		_draw
		_poll_g
 This function uses a non-reentrant model


 *************** function _move *****************
 Defined at:
		line 483 in file "main.c"
 Parameters:    Size  Location     Type
  newPosition     2    7[BANK0 ] struct Position
 Auto vars:     Size  Location     Type
		None
 Return value:  Size  Location     Type
                  1    wreg      void 
 Registers used:
		wreg, status,2, status,0, cstack
 Tracked objects:
		On entry : 
		On exit  : 
		Unchanged: 
 Data sizes:     COMRAM   BANK0   BANK1   BANK2   BANK3   BANK4   BANK5   BANK6   BANK7   BANK8   BANK9  BANK10  BANK11  BANK12  BANK13  BANK14  BANK15
      Params:         0       2       0       0       0       0       0       0       0       0       0       0       0       0       0       0       0
      Locals:         0       0       0       0       0       0       0       0       0       0       0       0       0       0       0       0       0
      Temps:          0       0       0       0       0       0       0       0       0       0       0       0       0       0       0       0       0
      Totals:         0       2       0       0       0       0       0       0       0       0       0       0       0       0       0       0       0
Total ram usage:        2 bytes
 Hardware stack levels used:    1
 Hardware stack levels required when called:    4
 This function calls:
		_canMove
 This function is called by:
		_move_left
		_move_right
		_move_up
		_move_down
 This function uses a non-reentrant model


 *************** function _canMove *****************
 Defined at:
		line 461 in file "main.c"
 Parameters:    Size  Location     Type
  position        2   28[COMRAM] struct Position
 Auto vars:     Size  Location     Type
  bot             1    5[BANK0 ] unsigned char 
  top             1    4[BANK0 ] unsigned char 
  right           1    3[BANK0 ] unsigned char 
  left            1    2[BANK0 ] unsigned char 
 Return value:  Size  Location     Type
                  1    wreg      unsigned char 
 Registers used:
		wreg, status,2, status,0
 Tracked objects:
		On entry : 
		On exit  : 
		Unchanged: 
 Data sizes:     COMRAM   BANK0   BANK1   BANK2   BANK3   BANK4   BANK5   BANK6   BANK7   BANK8   BANK9  BANK10  BANK11  BANK12  BANK13  BANK14  BANK15
      Params:         2       0       0       0       0       0       0       0       0       0       0       0       0       0       0       0       0
      Locals:         0       5       0       0       0       0       0       0       0       0       0       0       0       0       0       0       0
      Temps:          0       2       0       0       0       0       0       0       0       0       0       0       0       0       0       0       0
      Totals:         2       7       0       0       0       0       0       0       0       0       0       0       0       0       0       0       0
Total ram usage:        9 bytes
 Hardware stack levels used:    1
 Hardware stack levels required when called:    3
 This function calls:
		Nothing
 This function is called by:
		_move
 This function uses a non-reentrant model


 *************** function _busy_wait *****************
 Defined at:
		line 113 in file "main.c"
 Parameters:    Size  Location     Type
		None
 Auto vars:     Size  Location     Type
  i               4    0[BANK0 ] long 
 Return value:  Size  Location     Type
                  1    wreg      void 
 Registers used:
		wreg, status,2, status,0
 Tracked objects:
		On entry : 
		On exit  : 
		Unchanged: 
 Data sizes:     COMRAM   BANK0   BANK1   BANK2   BANK3   BANK4   BANK5   BANK6   BANK7   BANK8   BANK9  BANK10  BANK11  BANK12  BANK13  BANK14  BANK15
      Params:         0       0       0       0       0       0       0       0       0       0       0       0       0       0       0       0       0
      Locals:         0       4       0       0       0       0       0       0       0       0       0       0       0       0       0       0       0
      Temps:          0       0       0       0       0       0       0       0       0       0       0       0       0       0       0       0       0
      Totals:         0       4       0       0       0       0       0       0       0       0       0       0       0       0       0       0       0
Total ram usage:        4 bytes
 Hardware stack levels used:    1
 Hardware stack levels required when called:    3
 This function calls:
		Nothing
 This function is called by:
		_main
 This function uses a non-reentrant model


 *************** function _HandleInterrupt *****************
 Defined at:
		line 132 in file "main.c"
 Parameters:    Size  Location     Type
		None
 Auto vars:     Size  Location     Type
		None
 Return value:  Size  Location     Type
                  1    wreg      void 
 Registers used:
		wreg, fsr2l, fsr2h, status,2, status,0, prodl, prodh, cstack
 Tracked objects:
		On entry : 
		On exit  : 
		Unchanged: 
 Data sizes:     COMRAM   BANK0   BANK1   BANK2   BANK3   BANK4   BANK5   BANK6   BANK7   BANK8   BANK9  BANK10  BANK11  BANK12  BANK13  BANK14  BANK15
      Params:         0       0       0       0       0       0       0       0       0       0       0       0       0       0       0       0       0
      Locals:         0       0       0       0       0       0       0       0       0       0       0       0       0       0       0       0       0
      Temps:          4       0       0       0       0       0       0       0       0       0       0       0       0       0       0       0       0
      Totals:         4       0       0       0       0       0       0       0       0       0       0       0       0       0       0       0       0
Total ram usage:        4 bytes
 Hardware stack levels used:    1
 Hardware stack levels required when called:    2
 This function calls:
		_blink
		_rotate
		_submit
 This function is called by:
		Interrupt level 2
 This function uses a non-reentrant model


 *************** function _submit *****************
 Defined at:
		line 403 in file "main.c"
 Parameters:    Size  Location     Type
		None
 Auto vars:     Size  Location     Type
  4722            2   22[COMRAM] struct Position
 Return value:  Size  Location     Type
                  1    wreg      void 
 Registers used:
		wreg, fsr2l, fsr2h, status,2, status,0, prodl, prodh, cstack
 Tracked objects:
		On entry : 
		On exit  : 
		Unchanged: 
 Data sizes:     COMRAM   BANK0   BANK1   BANK2   BANK3   BANK4   BANK5   BANK6   BANK7   BANK8   BANK9  BANK10  BANK11  BANK12  BANK13  BANK14  BANK15
      Params:         0       0       0       0       0       0       0       0       0       0       0       0       0       0       0       0       0
      Locals:         2       0       0       0       0       0       0       0       0       0       0       0       0       0       0       0       0
      Temps:          2       0       0       0       0       0       0       0       0       0       0       0       0       0       0       0       0
      Totals:         4       0       0       0       0       0       0       0       0       0       0       0       0       0       0       0       0
Total ram usage:        4 bytes
 Hardware stack levels used:    1
 Hardware stack levels required when called:    1
 This function calls:
		___lwmod
		_not_intersects
 This function is called by:
		_HandleInterrupt
 This function uses a non-reentrant model


 *************** function _not_intersects *****************
 Defined at:
		line 212 in file "main.c"
 Parameters:    Size  Location     Type
		None
 Auto vars:     Size  Location     Type
  intersects      1   19[COMRAM] unsigned char 
 Return value:  Size  Location     Type
                  1    wreg      unsigned char 
 Registers used:
		wreg, fsr2l, fsr2h, status,2, status,0, prodl, prodh
 Tracked objects:
		On entry : 
		On exit  : 
		Unchanged: 
 Data sizes:     COMRAM   BANK0   BANK1   BANK2   BANK3   BANK4   BANK5   BANK6   BANK7   BANK8   BANK9  BANK10  BANK11  BANK12  BANK13  BANK14  BANK15
      Params:         0       0       0       0       0       0       0       0       0       0       0       0       0       0       0       0       0
      Locals:        18       0       0       0       0       0       0       0       0       0       0       0       0       0       0       0       0
      Temps:          2       0       0       0       0       0       0       0       0       0       0       0       0       0       0       0       0
      Totals:        20       0       0       0       0       0       0       0       0       0       0       0       0       0       0       0       0
Total ram usage:       20 bytes
 Hardware stack levels used:    1
 This function calls:
		Nothing
 This function is called by:
		_submit
 This function uses a non-reentrant model


 *************** function ___lwmod *****************
 Defined at:
		line 7 in file "/opt/microchip/xc8/v2.30/pic/sources/c99/common/lwmod.c"
 Parameters:    Size  Location     Type
  dividend        2    0[COMRAM] unsigned int 
  divisor         2    2[COMRAM] unsigned int 
 Auto vars:     Size  Location     Type
  counter         1    4[COMRAM] unsigned char 
 Return value:  Size  Location     Type
                  2    0[COMRAM] unsigned int 
 Registers used:
		wreg, status,2, status,0
 Tracked objects:
		On entry : 
		On exit  : 
		Unchanged: 
 Data sizes:     COMRAM   BANK0   BANK1   BANK2   BANK3   BANK4   BANK5   BANK6   BANK7   BANK8   BANK9  BANK10  BANK11  BANK12  BANK13  BANK14  BANK15
      Params:         4       0       0       0       0       0       0       0       0       0       0       0       0       0       0       0       0
      Locals:         1       0       0       0       0       0       0       0       0       0       0       0       0       0       0       0       0
      Temps:          0       0       0       0       0       0       0       0       0       0       0       0       0       0       0       0       0
      Totals:         5       0       0       0       0       0       0       0       0       0       0       0       0       0       0       0       0
Total ram usage:        5 bytes
 Hardware stack levels used:    1
 This function calls:
		Nothing
 This function is called by:
		_submit
 This function uses a non-reentrant model


 *************** function _rotate *****************
 Defined at:
		line 399 in file "main.c"
 Parameters:    Size  Location     Type
		None
 Auto vars:     Size  Location     Type
		None
 Return value:  Size  Location     Type
                  1    wreg      void 
 Registers used:
		wreg, status,2, status,0
 Tracked objects:
		On entry : 
		On exit  : 
		Unchanged: 
 Data sizes:     COMRAM   BANK0   BANK1   BANK2   BANK3   BANK4   BANK5   BANK6   BANK7   BANK8   BANK9  BANK10  BANK11  BANK12  BANK13  BANK14  BANK15
      Params:         0       0       0       0       0       0       0       0       0       0       0       0       0       0       0       0       0
      Locals:         0       0       0       0       0       0       0       0       0       0       0       0       0       0       0       0       0
      Temps:          0       0       0       0       0       0       0       0       0       0       0       0       0       0       0       0       0
      Totals:         0       0       0       0       0       0       0       0       0       0       0       0       0       0       0       0       0
Total ram usage:        0 bytes
 Hardware stack levels used:    1
 This function calls:
		Nothing
 This function is called by:
		_HandleInterrupt
 This function uses a non-reentrant model


 *************** function _blink *****************
 Defined at:
		line 119 in file "main.c"
 Parameters:    Size  Location     Type
		None
 Auto vars:     Size  Location     Type
		None
 Return value:  Size  Location     Type
                  1    wreg      void 
 Registers used:
		wreg, status,2, status,0
 Tracked objects:
		On entry : 
		On exit  : 
		Unchanged: 
 Data sizes:     COMRAM   BANK0   BANK1   BANK2   BANK3   BANK4   BANK5   BANK6   BANK7   BANK8   BANK9  BANK10  BANK11  BANK12  BANK13  BANK14  BANK15
      Params:         0       0       0       0       0       0       0       0       0       0       0       0       0       0       0       0       0
      Locals:         0       0       0       0       0       0       0       0       0       0       0       0       0       0       0       0       0
      Temps:          0       0       0       0       0       0       0       0       0       0       0       0       0       0       0       0       0
      Totals:         0       0       0       0       0       0       0       0       0       0       0       0       0       0       0       0       0
Total ram usage:        0 bytes
 Hardware stack levels used:    1
 This function calls:
		Nothing
 This function is called by:
		_HandleInterrupt
 This function uses a non-reentrant model



MODULE INFORMATION

Module		Function		Class		Link	Load	Size
/opt/microchip/xc8/v2.30/pic/sources/c99/common/lwmod.c
		___lwmod       		CODE           	0BB2	0000	66

/opt/microchip/xc8/v2.30/pic/sources/c99/common/lwmod.c estimated size: 66

shared
		__initialization		CODE           	0C2C	0000	42

shared estimated size: 42

main.c
		_busy_wait     		CODE           	0BF4	0000	56
		_move_up       		CODE           	0C8E	0000	32
		_init          		CODE           	0946	0000	276
		_move_right    		CODE           	0CAE	0000	32
		_main          		CODE           	0D2A	0000	18
		_poll_g        		CODE           	0A5A	0000	122
		_submit        		CODE           	06E4	0000	308
		_move_left     		CODE           	0CCE	0000	32
		_move          		CODE           	0D0E	0000	28
		_HandleInterrupt		CODE           	0008	0000	120
		_move_down     		CODE           	0CEE	0000	32
		_rotate        		CODE           	0D3C	0000	8
		_canMove       		CODE           	0B46	0000	108
		_setLed        		CODE           	0818	0000	302
		_not_intersects		CODE           	0416	0000	718
		_blink         		CODE           	0C60	0000	46
		_draw          		CODE           	0012	0000	1028

main.c estimated size: 3266

